Archive member included because of file (symbol)

C:\Users\TURBO9~1\AppData\Local\Temp\arduino_cache_432467\core\core_487b1ced4e7b37e8d402730d0433b7e0.a(HardwareSerial.cpp.o)
                              C:\Users\TURBO9~1\AppData\Local\Temp\arduino_build_805463\core\board.cpp.o (HardwareSerial::HardwareSerial(usart_dev*, unsigned char, unsigned char))
C:\Users\TURBO9~1\AppData\Local\Temp\arduino_cache_432467\core\core_487b1ced4e7b37e8d402730d0433b7e0.a(Print.cpp.o)
                              C:\Users\TURBO9~1\AppData\Local\Temp\arduino_cache_432467\core\core_487b1ced4e7b37e8d402730d0433b7e0.a(HardwareSerial.cpp.o) (Print::write(void const*, unsigned long))
C:\Users\TURBO9~1\AppData\Local\Temp\arduino_cache_432467\core\core_487b1ced4e7b37e8d402730d0433b7e0.a(cxxabi-compat.cpp.o)
                              C:\Users\TURBO9~1\AppData\Local\Temp\arduino_cache_432467\core\core_487b1ced4e7b37e8d402730d0433b7e0.a(HardwareSerial.cpp.o) (__cxa_pure_virtual)
C:\Users\TURBO9~1\AppData\Local\Temp\arduino_cache_432467\core\core_487b1ced4e7b37e8d402730d0433b7e0.a(ext_interrupts.cpp.o)
                              C:\Users\TURBO9~1\AppData\Local\Temp\arduino_build_805463\sketch\blue_pill_keyboard.ino.cpp.o (attachInterrupt(unsigned char, void (*)(), ExtIntTriggerMode))
C:\Users\TURBO9~1\AppData\Local\Temp\arduino_cache_432467\core\core_487b1ced4e7b37e8d402730d0433b7e0.a(adc.c.o)
                              C:\Users\TURBO9~1\AppData\Local\Temp\arduino_build_805463\core\wirish\boards.cpp.o (adc_set_sample_rate)
C:\Users\TURBO9~1\AppData\Local\Temp\arduino_cache_432467\core\core_487b1ced4e7b37e8d402730d0433b7e0.a(adc_f1.c.o)
                              (__irq_adc)
C:\Users\TURBO9~1\AppData\Local\Temp\arduino_cache_432467\core\core_487b1ced4e7b37e8d402730d0433b7e0.a(dma_f1.c.o)
                              (__irq_dma1_channel1)
C:\Users\TURBO9~1\AppData\Local\Temp\arduino_cache_432467\core\core_487b1ced4e7b37e8d402730d0433b7e0.a(exc.S.o)
                              (__exc_nmi)
C:\Users\TURBO9~1\AppData\Local\Temp\arduino_cache_432467\core\core_487b1ced4e7b37e8d402730d0433b7e0.a(exti.c.o)
                              C:\Users\TURBO9~1\AppData\Local\Temp\arduino_cache_432467\core\core_487b1ced4e7b37e8d402730d0433b7e0.a(ext_interrupts.cpp.o) (exti_attach_callback)
C:\Users\TURBO9~1\AppData\Local\Temp\arduino_cache_432467\core\core_487b1ced4e7b37e8d402730d0433b7e0.a(exti_f1.c.o)
                              C:\Users\TURBO9~1\AppData\Local\Temp\arduino_cache_432467\core\core_487b1ced4e7b37e8d402730d0433b7e0.a(exti.c.o) (exti_select)
C:\Users\TURBO9~1\AppData\Local\Temp\arduino_cache_432467\core\core_487b1ced4e7b37e8d402730d0433b7e0.a(flash.c.o)
                              C:\Users\TURBO9~1\AppData\Local\Temp\arduino_build_805463\core\wirish\boards.cpp.o (flash_set_latency)
C:\Users\TURBO9~1\AppData\Local\Temp\arduino_cache_432467\core\core_487b1ced4e7b37e8d402730d0433b7e0.a(gpio_f1.c.o)
                              C:\Users\TURBO9~1\AppData\Local\Temp\arduino_build_805463\core\wirish\boards_setup.cpp.o (gpio_init_all)
C:\Users\TURBO9~1\AppData\Local\Temp\arduino_cache_432467\core\core_487b1ced4e7b37e8d402730d0433b7e0.a(i2c_f1.c.o)
                              (__irq_i2c1_ev)
C:\Users\TURBO9~1\AppData\Local\Temp\arduino_cache_432467\core\core_487b1ced4e7b37e8d402730d0433b7e0.a(nvic.c.o)
                              C:\Users\TURBO9~1\AppData\Local\Temp\arduino_cache_432467\core\core_487b1ced4e7b37e8d402730d0433b7e0.a(i2c_f1.c.o) (nvic_irq_set_priority)
C:\Users\TURBO9~1\AppData\Local\Temp\arduino_cache_432467\core\core_487b1ced4e7b37e8d402730d0433b7e0.a(rcc.c.o)
                              C:\Users\TURBO9~1\AppData\Local\Temp\arduino_build_805463\core\wirish\boards.cpp.o (rcc_switch_sysclk)
C:\Users\TURBO9~1\AppData\Local\Temp\arduino_cache_432467\core\core_487b1ced4e7b37e8d402730d0433b7e0.a(rcc_f1.c.o)
                              C:\Users\TURBO9~1\AppData\Local\Temp\arduino_build_805463\core\wirish\boards.cpp.o (rcc_configure_pll)
C:\Users\TURBO9~1\AppData\Local\Temp\arduino_cache_432467\core\core_487b1ced4e7b37e8d402730d0433b7e0.a(isrs.S.o)
                              (__stm32reservedexception7)
C:\Users\TURBO9~1\AppData\Local\Temp\arduino_cache_432467\core\core_487b1ced4e7b37e8d402730d0433b7e0.a(vector_table.S.o)
                              (__stm32_vector_table)
C:\Users\TURBO9~1\AppData\Local\Temp\arduino_cache_432467\core\core_487b1ced4e7b37e8d402730d0433b7e0.a(systick.c.o)
                              C:\Users\TURBO9~1\AppData\Local\Temp\arduino_build_805463\core\wirish\boards.cpp.o (systick_init)
C:\Users\TURBO9~1\AppData\Local\Temp\arduino_cache_432467\core\core_487b1ced4e7b37e8d402730d0433b7e0.a(timer.c.o)
                              C:\Users\TURBO9~1\AppData\Local\Temp\arduino_build_805463\core\wirish\boards.cpp.o (timer_foreach)
C:\Users\TURBO9~1\AppData\Local\Temp\arduino_cache_432467\core\core_487b1ced4e7b37e8d402730d0433b7e0.a(usart.c.o)
[...]
Memory Configuration

Name             Origin             Length             Attributes
ram              0x20000000         0x00005000         xrw
rom              0x08000000         0x00010000         xr
*default*        0x00000000         0xffffffff

Linker script and memory map

LOAD c:/users/turbo9000/appdata/local/arduino15/packages/arduino/tools/arm-none-eabi-gcc/4.8.3-2014q1/bin/../lib/gcc/arm-none-eabi/4.8.3/armv7-m/crti.o
LOAD c:/users/turbo9000/appdata/local/arduino15/packages/arduino/tools/arm-none-eabi-gcc/4.8.3-2014q1/bin/../lib/gcc/arm-none-eabi/4.8.3/armv7-m/crtbegin.o
LOAD c:/users/turbo9000/appdata/local/arduino15/packages/arduino/tools/arm-none-eabi-gcc/4.8.3-2014q1/bin/../lib/gcc/arm-none-eabi/4.8.3/../../../../arm-none-eabi/lib/armv7-m/crt0.o
LOAD c:/users/turbo9000/appdata/local/arduino15/packages/arduino/tools/arm-none-eabi-gcc/4.8.3-2014q1/bin/../lib/gcc/arm-none-eabi/4.8.3/armv7-m\libgcc.a
START GROUP
LOAD C:\Users\TURBO9~1\AppData\Local\Temp\arduino_build_805463\sketch\blue_pill_keyboard.ino.cpp.o
LOAD C:\Users\TURBO9~1\AppData\Local\Temp\arduino_build_805463\core\board.cpp.o
LOAD C:\Users\TURBO9~1\AppData\Local\Temp\arduino_build_805463\core\wirish\boards.cpp.o
LOAD C:\Users\TURBO9~1\AppData\Local\Temp\arduino_build_805463\core\wirish\boards_setup.cpp.o
LOAD C:\Users\TURBO9~1\AppData\Local\Temp\arduino_build_805463\core\wirish\start.S.o
LOAD C:\Users\TURBO9~1\AppData\Local\Temp\arduino_build_805463\core\wirish\start_c.c.o
LOAD C:\Users\TURBO9~1\AppData\Local\Temp\arduino_build_805463\core\wirish\syscalls.c.o
LOAD C:\Users\TURBO9~1\AppData\Local\Temp\arduino_cache_432467\core\core_487b1ced4e7b37e8d402730d0433b7e0.a
END GROUP
LOAD c:/users/turbo9000/appdata/local/arduino15/packages/arduino/tools/arm-none-eabi-gcc/4.8.3-2014q1/bin/../lib/gcc/arm-none-eabi/4.8.3/../../../../arm-none-eabi/lib/armv7-m\libstdc++.a
LOAD c:/users/turbo9000/appdata/local/arduino15/packages/arduino/tools/arm-none-eabi-gcc/4.8.3-2014q1/bin/../lib/gcc/arm-none-eabi/4.8.3/../../../../arm-none-eabi/lib/armv7-m\libm.a
START GROUP
LOAD c:/users/turbo9000/appdata/local/arduino15/packages/arduino/tools/arm-none-eabi-gcc/4.8.3-2014q1/bin/../lib/gcc/arm-none-eabi/4.8.3/armv7-m\libgcc.a
LOAD c:/users/turbo9000/appdata/local/arduino15/packages/arduino/tools/arm-none-eabi-gcc/4.8.3-2014q1/bin/../lib/gcc/arm-none-eabi/4.8.3/../../../../arm-none-eabi/lib/armv7-m\libc.a
END GROUP
LOAD c:/users/turbo9000/appdata/local/arduino15/packages/arduino/tools/arm-none-eabi-gcc/4.8.3-2014q1/bin/../lib/gcc/arm-none-eabi/4.8.3/armv7-m/crtend.o
LOAD c:/users/turbo9000/appdata/local/arduino15/packages/arduino/tools/arm-none-eabi-gcc/4.8.3-2014q1/bin/../lib/gcc/arm-none-eabi/4.8.3/armv7-m/crtn.o
START GROUP
LOAD c:/users/turbo9000/appdata/local/arduino15/packages/arduino/tools/arm-none-eabi-gcc/4.8.3-2014q1/bin/../lib/gcc/arm-none-eabi/4.8.3/armv7-m\libgcc.a
LOAD c:/users/turbo9000/appdata/local/arduino15/packages/arduino/tools/arm-none-eabi-gcc/4.8.3-2014q1/bin/../lib/gcc/arm-none-eabi/4.8.3/../../../../arm-none-eabi/lib/armv7-m\libc.a
LOAD c:/users/turbo9000/appdata/local/arduino15/packages/arduino/tools/arm-none-eabi-gcc/4.8.3-2014q1/bin/../lib/gcc/arm-none-eabi/4.8.3/../../../../arm-none-eabi/lib/armv7-m\libm.a
END GROUP
START GROUP
LOAD c:/users/turbo9000/appdata/local/arduino15/packages/arduino/tools/arm-none-eabi-gcc/4.8.3-2014q1/bin/../lib/gcc/arm-none-eabi/4.8.3/../../../../arm-none-eabi/lib/armv7-m\libnosys.a
END GROUP
                0x20005000                PROVIDE (__msp_init, (ORIGIN (ram) + 0x5000))
                0x08000e44                PROVIDE (__exc_reset, __start__)

.text           0x08000000     0x358c
                0x08000000                __text_start__ = .
 *(.stm32.interrupt_vector)
 .stm32.interrupt_vector
                0x08000000       0xec C:\Users\TURBO9~1\AppData\Local\Temp\arduino_cache_432467\core\core_487b1ced4e7b37e8d402730d0433b7e0.a(vector_table.S.o)
                0x08000000                __stm32_vector_table
 *(.text .text.* .gnu.linkonce.t.*)
 .text          0x080000ec       0x54 c:/users/turbo9000/appdata/local/arduino15/packages/arduino/tools/arm-none-eabi-gcc/4.8.3-2014q1/bin/../lib/gcc/arm-none-eabi/4.8.3/armv7-m/crtbegin.o
 .text._ZL13get_scan_codev
                0x08000140       0x34 C:\Users\TURBO9~1\AppData\Local\Temp\arduino_build_805463\sketch\blue_pill_keyboard.ino.cpp.o
 .text._ZL28get_byte_to_send_to_keyboardv
                0x08000174       0x34 C:\Users\TURBO9~1\AppData\Local\Temp\arduino_build_805463\sketch\blue_pill_keyboard.ino.cpp.o
 .text._Z8initPinsv
                0x080001a8       0x48 C:\Users\TURBO9~1\AppData\Local\Temp\arduino_build_805463\sketch\blue_pill_keyboard.ino.cpp.o
                0x080001a8                initPins()
 .text._Z5setupv
                0x080001f0       0x8c C:\Users\TURBO9~1\AppData\Local\Temp\arduino_build_805463\sketch\blue_pill_keyboard.ino.cpp.o
                0x080001f0                setup()
 .text._Z10waitForPinss
                0x0800027c       0x44 C:\Users\TURBO9~1\AppData\Local\Temp\arduino_build_805463\sketch\blue_pill_keyboard.ino.cpp.o
                0x0800027c                waitForPin(short, short)
 .text._Z7endWaitv
                0x080002c0       0x20 C:\Users\TURBO9~1\AppData\Local\Temp\arduino_build_805463\sketch\blue_pill_keyboard.ino.cpp.o
                0x080002c0                endWait()
 .text._Z7sendNowv
                0x080002e0       0xb4 C:\Users\TURBO9~1\AppData\Local\Temp\arduino_build_805463\sketch\blue_pill_keyboard.ino.cpp.o
                0x080002e0                sendNow()
 .text._Z17sendResendRequestv
                0x08000394       0x6c C:\Users\TURBO9~1\AppData\Local\Temp\arduino_build_805463\sketch\blue_pill_keyboard.ino.cpp.o
                0x08000394                sendResendRequest()
 .text._Z8send_bitv
                0x08000400       0xcc C:\Users\TURBO9~1\AppData\Local\Temp\arduino_build_805463\sketch\blue_pill_keyboard.ino.cpp.o
                0x08000400                send_bit()
 .text._Z15clearSendBufferv
                0x080004cc       0x14 C:\Users\TURBO9~1\AppData\Local\Temp\arduino_build_805463\sketch\blue_pill_keyboard.ino.cpp.o
                0x080004cc                clearSendBuffer()
 .text._Z29handleParityErrorFromKeyboardv
                0x080004e0       0x5c C:\Users\TURBO9~1\AppData\Local\Temp\arduino_build_805463\sketch\blue_pill_keyboard.ino.cpp.o
                0x080004e0                handleParityErrorFromKeyboard()
 .text._Z19addByteToSendBufferh
                0x0800053c       0x3c C:\Users\TURBO9~1\AppData\Local\Temp\arduino_build_805463\sketch\blue_pill_keyboard.ino.cpp.o
                0x0800053c                addByteToSendBuffer(unsigned char)
 .text._Z21sendEnableScanCommandv
                0x08000578        0x6 C:\Users\TURBO9~1\AppData\Local\Temp\arduino_build_805463\sketch\blue_pill_keyboard.ino.cpp.o
                0x08000578                sendEnableScanCommand()
 *fill*         0x0800057e        0x2 
 .text._Z19processByteFromSegah
                0x08000580       0x7c C:\Users\TURBO9~1\AppData\Local\Temp\arduino_build_805463\sketch\blue_pill_keyboard.ino.cpp.o
                0x08000580                processByteFromSega(unsigned char)
 .text._Z14Listen_To_Segav
                0x080005fc      0x140 C:\Users\TURBO9~1\AppData\Local\Temp\arduino_build_805463\sketch\blue_pill_keyboard.ino.cpp.o
                0x080005fc                Listen_To_Sega()
 .text._Z12Talk_To_Segav
                0x0800073c      0x1e4 C:\Users\TURBO9~1\AppData\Local\Temp\arduino_build_805463\sketch\blue_pill_keyboard.ino.cpp.o
                0x0800073c                Talk_To_Sega()
 .text._Z4loopv
                0x08000920       0xa8 C:\Users\TURBO9~1\AppData\Local\Temp\arduino_build_805463\sketch\blue_pill_keyboard.ino.cpp.o
                0x08000920                loop()
 .text._Z20sendTypematicAndLEDsv
                0x080009c8       0x2c C:\Users\TURBO9~1\AppData\Local\Temp\arduino_build_805463\sketch\blue_pill_keyboard.ino.cpp.o
                0x080009c8                sendTypematicAndLEDs()
 .text._Z23processByteFromKeyboardv
                0x080009f4      0x108 C:\Users\TURBO9~1\AppData\Local\Temp\arduino_build_805463\sketch\blue_pill_keyboard.ino.cpp.o
                0x080009f4                processByteFromKeyboard()
 .text._Z12ps2interruptv
                0x08000afc       0xf8 C:\Users\TURBO9~1\AppData\Local\Temp\arduino_build_805463\sketch\blue_pill_keyboard.ino.cpp.o
                0x08000afc                ps2interrupt()
 .text._Z9boardInitv
                0x08000bf4        0x2 C:\Users\TURBO9~1\AppData\Local\Temp\arduino_build_805463\core\board.cpp.o
                0x08000bf4                boardInit()
 *fill*         0x08000bf6        0x2 
 .text.startup._GLOBAL__sub_I__Z9boardInitv
                0x08000bf8       0x48 C:\Users\TURBO9~1\AppData\Local\Temp\arduino_build_805463\core\board.cpp.o
 .text._ZL18adc_default_configP7adc_dev
                0x08000c40       0x1c C:\Users\TURBO9~1\AppData\Local\Temp\arduino_build_805463\core\wirish\boards.cpp.o
 .text._ZL20timer_default_configP9timer_dev
                0x08000c5c       0x9e C:\Users\TURBO9~1\AppData\Local\Temp\arduino_build_805463\core\wirish\boards.cpp.o
 *fill*         0x08000cfa        0x2 
 .text._Z4initv
                0x08000cfc       0xbc C:\Users\TURBO9~1\AppData\Local\Temp\arduino_build_805463\core\wirish\boards.cpp.o
                0x08000cfc                init()
 .text._ZN6wirish4priv15board_reset_pllEv
                0x08000db8        0x2 C:\Users\TURBO9~1\AppData\Local\Temp\arduino_build_805463\core\wirish\boards_setup.cpp.o
                0x08000db8                wirish::priv::board_reset_pll()
 .text._ZN6wirish4priv28board_setup_clock_prescalersEv
                0x08000dba       0x2e C:\Users\TURBO9~1\AppData\Local\Temp\arduino_build_805463\core\wirish\boards_setup.cpp.o
                0x08000dba                wirish::priv::board_setup_clock_prescalers()
 .text._ZN6wirish4priv16board_setup_gpioEv
                0x08000de8        0x4 C:\Users\TURBO9~1\AppData\Local\Temp\arduino_build_805463\core\wirish\boards_setup.cpp.o
                0x08000de8                wirish::priv::board_setup_gpio()
 .text._ZN6wirish4priv15board_setup_usbEv
                0x08000dec       0x54 C:\Users\TURBO9~1\AppData\Local\Temp\arduino_build_805463\core\wirish\boards_setup.cpp.o
                0x08000dec                wirish::priv::board_setup_usb()
 .text._ZN6wirish4priv11series_initEv
                0x08000e40        0x4 C:\Users\TURBO9~1\AppData\Local\Temp\arduino_build_805463\core\wirish\boards_setup.cpp.o
                0x08000e40                wirish::priv::series_init()
 .text          0x08000e44       0x10 C:\Users\TURBO9~1\AppData\Local\Temp\arduino_build_805463\core\wirish\start.S.o
                0x08000e44                __start__
 .text.start_c  0x08000e54       0x64 C:\Users\TURBO9~1\AppData\Local\Temp\arduino_build_805463\core\wirish\start_c.c.o
                0x08000e54                start_c
 .text._exit    0x08000eb8        0x2 C:\Users\TURBO9~1\AppData\Local\Temp\arduino_build_805463\core\wirish\syscalls.c.o
                0x08000eb8                _exit
 .text.rb_full_count
                0x08000eba       0x22 C:\Users\TURBO9~1\AppData\Local\Temp\arduino_cache_432467\core\core_487b1ced4e7b37e8d402730d0433b7e0.a(HardwareSerial.cpp.o)
 .text._ZN14HardwareSerial4readEv
                0x08000edc       0x3a C:\Users\TURBO9~1\AppData\Local\Temp\arduino_cache_432467\core\core_487b1ced4e7b37e8d402730d0433b7e0.a(HardwareSerial.cpp.o)
                0x08000edc                HardwareSerial::read()
 .text._ZN14HardwareSerial9availableEv
                0x08000f16        0xc C:\Users\TURBO9~1\AppData\Local\Temp\arduino_cache_432467\core\core_487b1ced4e7b37e8d402730d0433b7e0.a(HardwareSerial.cpp.o)
                0x08000f16                HardwareSerial::available()
 .text._ZN14HardwareSerial4peekEv
                0x08000f22       0x22 C:\Users\TURBO9~1\AppData\Local\Temp\arduino_cache_432467\core\core_487b1ced4e7b37e8d402730d0433b7e0.a(HardwareSerial.cpp.o)
                0x08000f22                HardwareSerial::peek()
 .text._ZN14HardwareSerial5flushEv
                0x08000f44       0x1a C:\Users\TURBO9~1\AppData\Local\Temp\arduino_cache_432467\core\core_487b1ced4e7b37e8d402730d0433b7e0.a(HardwareSerial.cpp.o)
                0x08000f44                HardwareSerial::flush()
 .text._ZN14HardwareSerial5writeEh
                0x08000f5e       0x1e C:\Users\TURBO9~1\AppData\Local\Temp\arduino_cache_432467\core\core_487b1ced4e7b37e8d402730d0433b7e0.a(HardwareSerial.cpp.o)
                0x08000f5e                HardwareSerial::write(unsigned char)
 .text._ZN14HardwareSerialC2EP9usart_devhh
                0x08000f7c       0x1c C:\Users\TURBO9~1\AppData\Local\Temp\arduino_cache_432467\core\core_487b1ced4e7b37e8d402730d0433b7e0.a(HardwareSerial.cpp.o)
                0x08000f7c                HardwareSerial::HardwareSerial(usart_dev*, unsigned char, unsigned char)
                0x08000f7c                HardwareSerial::HardwareSerial(usart_dev*, unsigned char, unsigned char)
 .text._ZN5Print5writeEPKvm
                0x08000f98       0x20 C:\Users\TURBO9~1\AppData\Local\Temp\arduino_cache_432467\core\core_487b1ced4e7b37e8d402730d0433b7e0.a(Print.cpp.o)
                0x08000f98                Print::write(void const*, unsigned long)
 .text._ZN5Print5writeEPKc
                0x08000fb8       0x1e C:\Users\TURBO9~1\AppData\Local\Temp\arduino_cache_432467\core\core_487b1ced4e7b37e8d402730d0433b7e0.a(Print.cpp.o)
                0x08000fb8                Print::write(char const*)
 *fill*         0x08000fd6        0x2 
 .text._Z15attachInterrupthPFvvE17ExtIntTriggerMode
                0x08000fd8       0x3c C:\Users\TURBO9~1\AppData\Local\Temp\arduino_cache_432467\core\core_487b1ced4e7b37e8d402730d0433b7e0.a(ext_interrupts.cpp.o)
                0x08000fd8                attachInterrupt(unsigned char, void (*)(), ExtIntTriggerMode)
 .text.adc_init
                0x08001014       0x14 C:\Users\TURBO9~1\AppData\Local\Temp\arduino_cache_432467\core\core_487b1ced4e7b37e8d402730d0433b7e0.a(adc.c.o)
                0x08001014                adc_init
 .text.adc_set_extsel
                0x08001028       0x12 C:\Users\TURBO9~1\AppData\Local\Temp\arduino_cache_432467\core\core_487b1ced4e7b37e8d402730d0433b7e0.a(adc.c.o)
                0x08001028                adc_set_extsel
 .text.adc_set_sample_rate
                0x0800103a       0x30 C:\Users\TURBO9~1\AppData\Local\Temp\arduino_cache_432467\core\core_487b1ced4e7b37e8d402730d0433b7e0.a(adc.c.o)
                0x0800103a                adc_set_sample_rate
 *fill*         0x0800106a        0x2 
 .text.__irq_adc
                0x0800106c       0x50 C:\Users\TURBO9~1\AppData\Local\Temp\arduino_cache_432467\core\core_487b1ced4e7b37e8d402730d0433b7e0.a(adc_f1.c.o)
                0x0800106c                __irq_adc
 .text.adc_calibrate
                0x080010bc       0x24 C:\Users\TURBO9~1\AppData\Local\Temp\arduino_cache_432467\core\core_487b1ced4e7b37e8d402730d0433b7e0.a(adc_f1.c.o)
                0x080010bc                adc_calibrate
 .text.adc_set_prescaler
                0x080010e0        0x8 C:\Users\TURBO9~1\AppData\Local\Temp\arduino_cache_432467\core\core_487b1ced4e7b37e8d402730d0433b7e0.a(adc_f1.c.o)
                0x080010e0                adc_set_prescaler
 .text.adc_foreach
                0x080010e8       0x1c C:\Users\TURBO9~1\AppData\Local\Temp\arduino_cache_432467\core\core_487b1ced4e7b37e8d402730d0433b7e0.a(adc_f1.c.o)
                0x080010e8                adc_foreach
 .text.adc_enable_single_swstart
                0x08001104       0x36 C:\Users\TURBO9~1\AppData\Local\Temp\arduino_cache_432467\core\core_487b1ced4e7b37e8d402730d0433b7e0.a(adc_f1.c.o)
                0x08001104                adc_enable_single_swstart
 *fill*         0x0800113a        0x2 
 .text.__irq_dma1_channel1
                0x0800113c       0x18 C:\Users\TURBO9~1\AppData\Local\Temp\arduino_cache_432467\core\core_487b1ced4e7b37e8d402730d0433b7e0.a(dma_f1.c.o)
                0x0800113c                __irq_dma1_channel1
 .text.__irq_dma1_channel2
                0x08001154       0x18 C:\Users\TURBO9~1\AppData\Local\Temp\arduino_cache_432467\core\core_487b1ced4e7b37e8d402730d0433b7e0.a(dma_f1.c.o)
                0x08001154                __irq_dma1_channel2
 .text.__irq_dma1_channel3
                0x0800116c       0x1c C:\Users\TURBO9~1\AppData\Local\Temp\arduino_cache_432467\core\core_487b1ced4e7b37e8d402730d0433b7e0.a(dma_f1.c.o)
                0x0800116c                __irq_dma1_channel3
 .text.__irq_dma1_channel4
                0x08001188       0x1c C:\Users\TURBO9~1\AppData\Local\Temp\arduino_cache_432467\core\core_487b1ced4e7b37e8d402730d0433b7e0.a(dma_f1.c.o)
                0x08001188                __irq_dma1_channel4
 .text.__irq_dma1_channel5
                0x080011a4       0x1c C:\Users\TURBO9~1\AppData\Local\Temp\arduino_cache_432467\core\core_487b1ced4e7b37e8d402730d0433b7e0.a(dma_f1.c.o)
                0x080011a4                __irq_dma1_channel5
 .text.__irq_dma1_channel6
                0x080011c0       0x1c C:\Users\TURBO9~1\AppData\Local\Temp\arduino_cache_432467\core\core_487b1ced4e7b37e8d402730d0433b7e0.a(dma_f1.c.o)
                0x080011c0                __irq_dma1_channel6
 .text.__irq_dma1_channel7
                0x080011dc       0x1c C:\Users\TURBO9~1\AppData\Local\Temp\arduino_cache_432467\core\core_487b1ced4e7b37e8d402730d0433b7e0.a(dma_f1.c.o)
                0x080011dc                __irq_dma1_channel7
 *fill*         0x080011f8        0x8 
 .text          0x08001200       0x60 C:\Users\TURBO9~1\AppData\Local\Temp\arduino_cache_432467\core\core_487b1ced4e7b37e8d402730d0433b7e0.a(exc.S.o)
                0x08001200                __exc_nmi
                0x08001204                __exc_hardfault
                0x08001208                __exc_memmanage
                0x0800120c                __exc_busfault
                0x08001210                __exc_usagefault
 .text.exti_attach_callback
                0x08001260       0xac C:\Users\TURBO9~1\AppData\Local\Temp\arduino_cache_432467\core\core_487b1ced4e7b37e8d402730d0433b7e0.a(exti.c.o)
                0x08001260                exti_attach_callback
 .text.exti_attach_interrupt
                0x0800130c       0x10 C:\Users\TURBO9~1\AppData\Local\Temp\arduino_cache_432467\core\core_487b1ced4e7b37e8d402730d0433b7e0.a(exti.c.o)
                0x0800130c                exti_attach_interrupt
 .text.exti_do_select
                0x0800131c       0x1a C:\Users\TURBO9~1\AppData\Local\Temp\arduino_cache_432467\core\core_487b1ced4e7b37e8d402730d0433b7e0.a(exti.c.o)
                0x0800131c                exti_do_select
 *fill*         0x08001336        0x2 
 .text.__irq_exti0
                0x08001338       0x20 C:\Users\TURBO9~1\AppData\Local\Temp\arduino_cache_432467\core\core_487b1ced4e7b37e8d402730d0433b7e0.a(exti.c.o)
                0x08001338                __irq_exti0
 .text.__irq_exti1
                0x08001358       0x20 C:\Users\TURBO9~1\AppData\Local\Temp\arduino_cache_432467\core\core_487b1ced4e7b37e8d402730d0433b7e0.a(exti.c.o)
                0x08001358                __irq_exti1
 .text.__irq_exti2
                0x08001378       0x20 C:\Users\TURBO9~1\AppData\Local\Temp\arduino_cache_432467\core\core_487b1ced4e7b37e8d402730d0433b7e0.a(exti.c.o)
                0x08001378                __irq_exti2
 .text.__irq_exti3
                0x08001398       0x20 C:\Users\TURBO9~1\AppData\Local\Temp\arduino_cache_432467\core\core_487b1ced4e7b37e8d402730d0433b7e0.a(exti.c.o)
                0x08001398                __irq_exti3
 .text.__irq_exti4
                0x080013b8       0x20 C:\Users\TURBO9~1\AppData\Local\Temp\arduino_cache_432467\core\core_487b1ced4e7b37e8d402730d0433b7e0.a(exti.c.o)
                0x080013b8                __irq_exti4
 .text.__irq_exti9_5
                0x080013d8       0x44 C:\Users\TURBO9~1\AppData\Local\Temp\arduino_cache_432467\core\core_487b1ced4e7b37e8d402730d0433b7e0.a(exti.c.o)
                0x080013d8                __irq_exti9_5
 .text.__irq_exti15_10
                0x0800141c       0x44 C:\Users\TURBO9~1\AppData\Local\Temp\arduino_cache_432467\core\core_487b1ced4e7b37e8d402730d0433b7e0.a(exti.c.o)
                0x0800141c                __irq_exti15_10
 .text.exti_select
                0x08001460       0x18 C:\Users\TURBO9~1\AppData\Local\Temp\arduino_cache_432467\core\core_487b1ced4e7b37e8d402730d0433b7e0.a(exti_f1.c.o)
                0x08001460                exti_select
 .text.flash_set_latency
                0x08001478       0x14 C:\Users\TURBO9~1\AppData\Local\Temp\arduino_cache_432467\core\core_487b1ced4e7b37e8d402730d0433b7e0.a(flash.c.o)
                0x08001478                flash_set_latency
 .text.gpio_init_all
                0x0800148c       0x30 C:\Users\TURBO9~1\AppData\Local\Temp\arduino_cache_432467\core\core_487b1ced4e7b37e8d402730d0433b7e0.a(gpio_f1.c.o)
                0x0800148c                gpio_init_all
 .text.gpio_set_mode
                0x080014bc       0x50 C:\Users\TURBO9~1\AppData\Local\Temp\arduino_cache_432467\core\core_487b1ced4e7b37e8d402730d0433b7e0.a(gpio_f1.c.o)
                0x080014bc                gpio_set_mode
 .text.afio_init
                0x0800150c       0x12 C:\Users\TURBO9~1\AppData\Local\Temp\arduino_cache_432467\core\core_487b1ced4e7b37e8d402730d0433b7e0.a(gpio_f1.c.o)
                0x0800150c                afio_init
 *fill*         0x0800151e        0x2 
 .text.__irq_i2c1_ev
                0x08001520        0xc C:\Users\TURBO9~1\AppData\Local\Temp\arduino_cache_432467\core\core_487b1ced4e7b37e8d402730d0433b7e0.a(i2c_f1.c.o)
                0x08001520                __irq_i2c1_ev
 .text.__irq_i2c2_ev
                0x0800152c        0xc C:\Users\TURBO9~1\AppData\Local\Temp\arduino_cache_432467\core\core_487b1ced4e7b37e8d402730d0433b7e0.a(i2c_f1.c.o)
                0x0800152c                __irq_i2c2_ev
 .text.__irq_i2c1_er
                0x08001538        0xc C:\Users\TURBO9~1\AppData\Local\Temp\arduino_cache_432467\core\core_487b1ced4e7b37e8d402730d0433b7e0.a(i2c_f1.c.o)
                0x08001538                __irq_i2c1_er
 .text.__irq_i2c2_er
                0x08001544        0xc C:\Users\TURBO9~1\AppData\Local\Temp\arduino_cache_432467\core\core_487b1ced4e7b37e8d402730d0433b7e0.a(i2c_f1.c.o)
                0x08001544                __irq_i2c2_er
 .text._i2c_irq_priority_fixup
                0x08001550       0x1c C:\Users\TURBO9~1\AppData\Local\Temp\arduino_cache_432467\core\core_487b1ced4e7b37e8d402730d0433b7e0.a(i2c_f1.c.o)
                0x08001550                _i2c_irq_priority_fixup
 .text.nvic_irq_set_priority
                0x0800156c       0x28 C:\Users\TURBO9~1\AppData\Local\Temp\arduino_cache_432467\core\core_487b1ced4e7b37e8d402730d0433b7e0.a(nvic.c.o)
                0x0800156c                nvic_irq_set_priority
 .text.nvic_init
                0x08001594       0x30 C:\Users\TURBO9~1\AppData\Local\Temp\arduino_cache_432467\core\core_487b1ced4e7b37e8d402730d0433b7e0.a(nvic.c.o)
                0x08001594                nvic_init
 .text.nvic_sys_reset
                0x080015c4       0x1c C:\Users\TURBO9~1\AppData\Local\Temp\arduino_cache_432467\core\core_487b1ced4e7b37e8d402730d0433b7e0.a(nvic.c.o)
                0x080015c4                nvic_sys_reset
 .text.rcc_dev_clk
                0x080015e0        0xc C:\Users\TURBO9~1\AppData\Local\Temp\arduino_cache_432467\core\core_487b1ced4e7b37e8d402730d0433b7e0.a(rcc.c.o)
                0x080015e0                rcc_dev_clk
 .text.rcc_switch_sysclk
                0x080015ec       0x20 C:\Users\TURBO9~1\AppData\Local\Temp\arduino_cache_432467\core\core_487b1ced4e7b37e8d402730d0433b7e0.a(rcc.c.o)
                0x080015ec                rcc_switch_sysclk
 .text.rcc_turn_on_clk
                0x0800160c       0x1a C:\Users\TURBO9~1\AppData\Local\Temp\arduino_cache_432467\core\core_487b1ced4e7b37e8d402730d0433b7e0.a(rcc.c.o)
                0x0800160c                rcc_turn_on_clk
 .text.rcc_turn_off_clk
                0x08001626       0x1c C:\Users\TURBO9~1\AppData\Local\Temp\arduino_cache_432467\core\core_487b1ced4e7b37e8d402730d0433b7e0.a(rcc.c.o)
                0x08001626                rcc_turn_off_clk
 .text.rcc_is_clk_ready
                0x08001642       0x18 C:\Users\TURBO9~1\AppData\Local\Temp\arduino_cache_432467\core\core_487b1ced4e7b37e8d402730d0433b7e0.a(rcc.c.o)
                0x08001642                rcc_is_clk_ready
 *fill*         0x0800165a        0x2 
 .text.rcc_configure_pll
                0x0800165c       0x18 C:\Users\TURBO9~1\AppData\Local\Temp\arduino_cache_432467\core\core_487b1ced4e7b37e8d402730d0433b7e0.a(rcc_f1.c.o)
                0x0800165c                rcc_configure_pll
 .text.rcc_clk_enable
                0x08001674       0x30 C:\Users\TURBO9~1\AppData\Local\Temp\arduino_cache_432467\core\core_487b1ced4e7b37e8d402730d0433b7e0.a(rcc_f1.c.o)
                0x08001674                rcc_clk_enable
 .text.rcc_reset_dev
                0x080016a4       0x34 C:\Users\TURBO9~1\AppData\Local\Temp\arduino_cache_432467\core\core_487b1ced4e7b37e8d402730d0433b7e0.a(rcc_f1.c.o)
                0x080016a4                rcc_reset_dev
 .text.rcc_set_prescaler
                0x080016d8       0x20 C:\Users\TURBO9~1\AppData\Local\Temp\arduino_cache_432467\core\core_487b1ced4e7b37e8d402730d0433b7e0.a(rcc_f1.c.o)
                0x080016d8                rcc_set_prescaler
 .text.rcc_clk_disable
                0x080016f8       0x30 C:\Users\TURBO9~1\AppData\Local\Temp\arduino_cache_432467\core\core_487b1ced4e7b37e8d402730d0433b7e0.a(rcc_f1.c.o)
                0x080016f8                rcc_clk_disable
 .text          0x08001728        0x2 C:\Users\TURBO9~1\AppData\Local\Temp\arduino_cache_432467\core\core_487b1ced4e7b37e8d402730d0433b7e0.a(isrs.S.o)
                0x08001728                __stm32reservedexception9
                0x08001728                __exc_debug_monitor
                0x08001728                __exc_svc
                0x08001728                __irq_can_rx1
                0x08001728                __irq_spi2
                0x08001728                __irq_can_sce
                0x08001728                __irq_pvd
                0x08001728                __irq_tamper
                0x08001728                __default_handler
                0x08001728                __irq_wwdg
                0x08001728                __stm32reservedexception10
                0x08001728                __irq_flash
                0x08001728                __stm32reservedexception13
                0x08001728                __irq_rtc
                0x08001728                __irq_spi1
                0x08001728                __stm32reservedexception7
                0x08001728                __irq_usb_hp_can_tx
                0x08001728                __irq_rtcalarm
                0x08001728                __stm32reservedexception8
                0x08001728                __exc_pendsv
                0x08001728                __irq_usbwakeup
                0x08001728                __irq_rcc
 *fill*         0x0800172a        0x2 
 .text.systick_init
                0x0800172c       0x10 C:\Users\TURBO9~1\AppData\Local\Temp\arduino_cache_432467\core\core_487b1ced4e7b37e8d402730d0433b7e0.a(systick.c.o)
                0x0800172c                systick_init
 .text.__exc_systick
                0x0800173c       0x1c C:\Users\TURBO9~1\AppData\Local\Temp\arduino_cache_432467\core\core_487b1ced4e7b37e8d402730d0433b7e0.a(systick.c.o)
                0x0800173c                __exc_systick
 .text.timer_foreach
                0x08001758       0x28 C:\Users\TURBO9~1\AppData\Local\Temp\arduino_cache_432467\core\core_487b1ced4e7b37e8d402730d0433b7e0.a(timer.c.o)
                0x08001758                timer_foreach
 .text.timer_init
                0x08001780       0x14 C:\Users\TURBO9~1\AppData\Local\Temp\arduino_cache_432467\core\core_487b1ced4e7b37e8d402730d0433b7e0.a(timer.c.o)
                0x08001780                timer_init
 .text.timer_has_cc_channel
                0x08001794       0x30 C:\Users\TURBO9~1\AppData\Local\Temp\arduino_cache_432467\core\core_487b1ced4e7b37e8d402730d0433b7e0.a(timer.c.o)
                0x08001794                timer_has_cc_channel
 .text.__irq_tim1_brk
                0x080017c4       0x24 C:\Users\TURBO9~1\AppData\Local\Temp\arduino_cache_432467\core\core_487b1ced4e7b37e8d402730d0433b7e0.a(timer.c.o)
                0x080017c4                __irq_tim1_brk
 .text.__irq_tim1_up
                0x080017e8       0x24 C:\Users\TURBO9~1\AppData\Local\Temp\arduino_cache_432467\core\core_487b1ced4e7b37e8d402730d0433b7e0.a(timer.c.o)
                0x080017e8                __irq_tim1_up
 .text.__irq_tim1_trg_com
                0x0800180c       0x38 C:\Users\TURBO9~1\AppData\Local\Temp\arduino_cache_432467\core\core_487b1ced4e7b37e8d402730d0433b7e0.a(timer.c.o)
                0x0800180c                __irq_tim1_trg_com
 .text.__irq_tim1_cc
                0x08001844       0x54 C:\Users\TURBO9~1\AppData\Local\Temp\arduino_cache_432467\core\core_487b1ced4e7b37e8d402730d0433b7e0.a(timer.c.o)
                0x08001844                __irq_tim1_cc
 .text.__irq_tim2
                0x08001898       0x70 C:\Users\TURBO9~1\AppData\Local\Temp\arduino_cache_432467\core\core_487b1ced4e7b37e8d402730d0433b7e0.a(timer.c.o)
                0x08001898                __irq_tim2
 .text.__irq_tim3
                0x08001908       0x70 C:\Users\TURBO9~1\AppData\Local\Temp\arduino_cache_432467\core\core_487b1ced4e7b37e8d402730d0433b7e0.a(timer.c.o)
                0x08001908                __irq_tim3
 .text.__irq_tim4
                0x08001978       0x70 C:\Users\TURBO9~1\AppData\Local\Temp\arduino_cache_432467\core\core_487b1ced4e7b37e8d402730d0433b7e0.a(timer.c.o)
                0x08001978                __irq_tim4
 .text.usart_tx
                0x080019e8       0x9c C:\Users\TURBO9~1\AppData\Local\Temp\arduino_cache_432467\core\core_487b1ced4e7b37e8d402730d0433b7e0.a(usart.c.o)
                0x080019e8                usart_tx
 .text.rb_remove
                0x08001a84       0x24 C:\Users\TURBO9~1\AppData\Local\Temp\arduino_cache_432467\core\core_487b1ced4e7b37e8d402730d0433b7e0.a(usart_f1.c.o)
 .text.rb_push_insert
                0x08001aa8       0x52 C:\Users\TURBO9~1\AppData\Local\Temp\arduino_cache_432467\core\core_487b1ced4e7b37e8d402730d0433b7e0.a(usart_f1.c.o)
 *fill*         0x08001afa        0x2 
 .text.__irq_usart1
                0x08001afc       0x54 C:\Users\TURBO9~1\AppData\Local\Temp\arduino_cache_432467\core\core_487b1ced4e7b37e8d402730d0433b7e0.a(usart_f1.c.o)
                0x08001afc                __irq_usart1
 .text.__irq_usart2
                0x08001b50       0x54 C:\Users\TURBO9~1\AppData\Local\Temp\arduino_cache_432467\core\core_487b1ced4e7b37e8d402730d0433b7e0.a(usart_f1.c.o)
                0x08001b50                __irq_usart2
 .text.__irq_usart3
                0x08001ba4       0x54 C:\Users\TURBO9~1\AppData\Local\Temp\arduino_cache_432467\core\core_487b1ced4e7b37e8d402730d0433b7e0.a(usart_f1.c.o)
                0x08001ba4                __irq_usart3
 .text.usb_resume
                0x08001bf8       0xb4 C:\Users\TURBO9~1\AppData\Local\Temp\arduino_cache_432467\core\core_487b1ced4e7b37e8d402730d0433b7e0.a(usb.c.o)
 .text.usb_init_usblib
                0x08001cac       0x48 C:\Users\TURBO9~1\AppData\Local\Temp\arduino_cache_432467\core\core_487b1ced4e7b37e8d402730d0433b7e0.a(usb.c.o)
                0x08001cac                usb_init_usblib
 .text.__irq_usb_lp_can_rx0
                0x08001cf4      0x1c8 C:\Users\TURBO9~1\AppData\Local\Temp\arduino_cache_432467\core\core_487b1ced4e7b37e8d402730d0433b7e0.a(usb.c.o)
                0x08001cf4                __irq_usb_lp_can_rx0
 .text.usb_set_ep_rx_stat
                0x08001ebc       0x22 C:\Users\TURBO9~1\AppData\Local\Temp\arduino_cache_432467\core\core_487b1ced4e7b37e8d402730d0433b7e0.a(usb_cdcacm.c.o)
 *fill*         0x08001ede        0x2 
 .text.vcomGetSetLineCoding
                0x08001ee0       0x18 C:\Users\TURBO9~1\AppData\Local\Temp\arduino_cache_432467\core\core_487b1ced4e7b37e8d402730d0433b7e0.a(usb_cdcacm.c.o)
 .text.usbDataSetup
                0x08001ef8       0x54 C:\Users\TURBO9~1\AppData\Local\Temp\arduino_cache_432467\core\core_487b1ced4e7b37e8d402730d0433b7e0.a(usb_cdcacm.c.o)
 .text.usbNoDataSetup
                0x08001f4c       0x50 C:\Users\TURBO9~1\AppData\Local\Temp\arduino_cache_432467\core\core_487b1ced4e7b37e8d402730d0433b7e0.a(usb_cdcacm.c.o)
 .text.usbGetInterfaceSetting
                0x08001f9c       0x10 C:\Users\TURBO9~1\AppData\Local\Temp\arduino_cache_432467\core\core_487b1ced4e7b37e8d402730d0433b7e0.a(usb_cdcacm.c.o)
 .text.usbSetConfiguration
                0x08001fac       0x1c C:\Users\TURBO9~1\AppData\Local\Temp\arduino_cache_432467\core\core_487b1ced4e7b37e8d402730d0433b7e0.a(usb_cdcacm.c.o)
 .text.usbSetDeviceAddress
                0x08001fc8       0x10 C:\Users\TURBO9~1\AppData\Local\Temp\arduino_cache_432467\core\core_487b1ced4e7b37e8d402730d0433b7e0.a(usb_cdcacm.c.o)
 .text.usbGetStringDescriptor
                0x08001fd8       0x20 C:\Users\TURBO9~1\AppData\Local\Temp\arduino_cache_432467\core\core_487b1ced4e7b37e8d402730d0433b7e0.a(usb_cdcacm.c.o)
 .text.usbGetConfigDescriptor
                0x08001ff8        0xc C:\Users\TURBO9~1\AppData\Local\Temp\arduino_cache_432467\core\core_487b1ced4e7b37e8d402730d0433b7e0.a(usb_cdcacm.c.o)
 .text.usbGetDeviceDescriptor
                0x08002004        0xc C:\Users\TURBO9~1\AppData\Local\Temp\arduino_cache_432467\core\core_487b1ced4e7b37e8d402730d0433b7e0.a(usb_cdcacm.c.o)
 .text.usbInit  0x08002010       0x44 C:\Users\TURBO9~1\AppData\Local\Temp\arduino_cache_432467\core\core_487b1ced4e7b37e8d402730d0433b7e0.a(usb_cdcacm.c.o)
 .text.vcomDataTxCb
                0x08002054       0xa0 C:\Users\TURBO9~1\AppData\Local\Temp\arduino_cache_432467\core\core_487b1ced4e7b37e8d402730d0433b7e0.a(usb_cdcacm.c.o)
 .text.usbReset
                0x080020f4      0x160 C:\Users\TURBO9~1\AppData\Local\Temp\arduino_cache_432467\core\core_487b1ced4e7b37e8d402730d0433b7e0.a(usb_cdcacm.c.o)
 .text.vcomDataRxCb
                0x08002254       0x7c C:\Users\TURBO9~1\AppData\Local\Temp\arduino_cache_432467\core\core_487b1ced4e7b37e8d402730d0433b7e0.a(usb_cdcacm.c.o)
 .text.usb_cdcacm_set_hooks
                0x080022d0       0x1c C:\Users\TURBO9~1\AppData\Local\Temp\arduino_cache_432467\core\core_487b1ced4e7b37e8d402730d0433b7e0.a(usb_cdcacm.c.o)
                0x080022d0                usb_cdcacm_set_hooks
 .text.usb_cdcacm_enable
                0x080022ec       0x38 C:\Users\TURBO9~1\AppData\Local\Temp\arduino_cache_432467\core\core_487b1ced4e7b37e8d402730d0433b7e0.a(usb_cdcacm.c.o)
                0x080022ec                usb_cdcacm_enable
 .text.usb_cdcacm_tx
                0x08002324       0x60 C:\Users\TURBO9~1\AppData\Local\Temp\arduino_cache_432467\core\core_487b1ced4e7b37e8d402730d0433b7e0.a(usb_cdcacm.c.o)
                0x08002324                usb_cdcacm_tx
 .text.usb_cdcacm_data_available
                0x08002384       0x18 C:\Users\TURBO9~1\AppData\Local\Temp\arduino_cache_432467\core\core_487b1ced4e7b37e8d402730d0433b7e0.a(usb_cdcacm.c.o)
                0x08002384                usb_cdcacm_data_available
 .text.usb_cdcacm_peek
                0x0800239c       0x38 C:\Users\TURBO9~1\AppData\Local\Temp\arduino_cache_432467\core\core_487b1ced4e7b37e8d402730d0433b7e0.a(usb_cdcacm.c.o)
                0x0800239c                usb_cdcacm_peek
 .text.usb_cdcacm_rx
                0x080023d4       0x34 C:\Users\TURBO9~1\AppData\Local\Temp\arduino_cache_432467\core\core_487b1ced4e7b37e8d402730d0433b7e0.a(usb_cdcacm.c.o)
                0x080023d4                usb_cdcacm_rx
 .text.usb_cdcacm_peek_ex
                0x08002408       0x40 C:\Users\TURBO9~1\AppData\Local\Temp\arduino_cache_432467\core\core_487b1ced4e7b37e8d402730d0433b7e0.a(usb_cdcacm.c.o)
                0x08002408                usb_cdcacm_peek_ex
 .text.usb_cdcacm_get_dtr
                0x08002448       0x10 C:\Users\TURBO9~1\AppData\Local\Temp\arduino_cache_432467\core\core_487b1ced4e7b37e8d402730d0433b7e0.a(usb_cdcacm.c.o)
                0x08002448                usb_cdcacm_get_dtr
 .text.usb_set_ep_rx_count
                0x08002458       0x40 C:\Users\TURBO9~1\AppData\Local\Temp\arduino_cache_432467\core\core_487b1ced4e7b37e8d402730d0433b7e0.a(usb_reg_map.c.o)
                0x08002458                usb_set_ep_rx_count
 .text.Standard_GetConfiguration
                0x08002498       0x24 C:\Users\TURBO9~1\AppData\Local\Temp\arduino_cache_432467\core\core_487b1ced4e7b37e8d402730d0433b7e0.a(usb_core.c.o)
                0x08002498                Standard_GetConfiguration
 .text.Standard_GetInterface
                0x080024bc       0x24 C:\Users\TURBO9~1\AppData\Local\Temp\arduino_cache_432467\core\core_487b1ced4e7b37e8d402730d0433b7e0.a(usb_core.c.o)
                0x080024bc                Standard_GetInterface
 .text.Standard_GetStatus
                0x080024e0       0x90 C:\Users\TURBO9~1\AppData\Local\Temp\arduino_cache_432467\core\core_487b1ced4e7b37e8d402730d0433b7e0.a(usb_core.c.o)
                0x080024e0                Standard_GetStatus
 .text.DataStageIn
                0x08002570       0xa8 C:\Users\TURBO9~1\AppData\Local\Temp\arduino_cache_432467\core\core_487b1ced4e7b37e8d402730d0433b7e0.a(usb_core.c.o)
 .text.Standard_SetConfiguration
                0x08002618       0x38 C:\Users\TURBO9~1\AppData\Local\Temp\arduino_cache_432467\core\core_487b1ced4e7b37e8d402730d0433b7e0.a(usb_core.c.o)
                0x08002618                Standard_SetConfiguration
 .text.Standard_SetInterface
                0x08002650       0x48 C:\Users\TURBO9~1\AppData\Local\Temp\arduino_cache_432467\core\core_487b1ced4e7b37e8d402730d0433b7e0.a(usb_core.c.o)
                0x08002650                Standard_SetInterface
 .text.Standard_ClearFeature
                0x08002698       0xd0 C:\Users\TURBO9~1\AppData\Local\Temp\arduino_cache_432467\core\core_487b1ced4e7b37e8d402730d0433b7e0.a(usb_core.c.o)
                0x08002698                Standard_ClearFeature
 .text.Standard_SetEndPointFeature
                0x08002768       0x84 C:\Users\TURBO9~1\AppData\Local\Temp\arduino_cache_432467\core\core_487b1ced4e7b37e8d402730d0433b7e0.a(usb_core.c.o)
                0x08002768                Standard_SetEndPointFeature
 .text.Standard_SetDeviceFeature
                0x080027ec       0x24 C:\Users\TURBO9~1\AppData\Local\Temp\arduino_cache_432467\core\core_487b1ced4e7b37e8d402730d0433b7e0.a(usb_core.c.o)
                0x080027ec                Standard_SetDeviceFeature
 .text.Standard_GetDescriptorData
                0x08002810       0x1c C:\Users\TURBO9~1\AppData\Local\Temp\arduino_cache_432467\core\core_487b1ced4e7b37e8d402730d0433b7e0.a(usb_core.c.o)
                0x08002810                Standard_GetDescriptorData
 .text.Post0_Process
                0x0800282c       0x40 C:\Users\TURBO9~1\AppData\Local\Temp\arduino_cache_432467\core\core_487b1ced4e7b37e8d402730d0433b7e0.a(usb_core.c.o)
                0x0800282c                Post0_Process
 .text.Setup0_Process
                0x0800286c      0x2d0 C:\Users\TURBO9~1\AppData\Local\Temp\arduino_cache_432467\core\core_487b1ced4e7b37e8d402730d0433b7e0.a(usb_core.c.o)
                0x0800286c                Setup0_Process
 .text.Out0_Process
                0x08002b3c       0xc8 C:\Users\TURBO9~1\AppData\Local\Temp\arduino_cache_432467\core\core_487b1ced4e7b37e8d402730d0433b7e0.a(usb_core.c.o)
                0x08002b3c                Out0_Process
 .text.SetDeviceAddress
                0x08002c04       0x38 C:\Users\TURBO9~1\AppData\Local\Temp\arduino_cache_432467\core\core_487b1ced4e7b37e8d402730d0433b7e0.a(usb_core.c.o)
                0x08002c04                SetDeviceAddress
 .text.In0_Process
                0x08002c3c       0x5c C:\Users\TURBO9~1\AppData\Local\Temp\arduino_cache_432467\core\core_487b1ced4e7b37e8d402730d0433b7e0.a(usb_core.c.o)
                0x08002c3c                In0_Process
 .text.NOP_Process
                0x08002c98        0x2 C:\Users\TURBO9~1\AppData\Local\Temp\arduino_cache_432467\core\core_487b1ced4e7b37e8d402730d0433b7e0.a(usb_core.c.o)
                0x08002c98                NOP_Process
 .text.UserToPMABufferCopy
                0x08002c9a       0x30 C:\Users\TURBO9~1\AppData\Local\Temp\arduino_cache_432467\core\core_487b1ced4e7b37e8d402730d0433b7e0.a(usb_mem.c.o)
                0x08002c9a                UserToPMABufferCopy
 .text.PMAToUserBufferCopy
                0x08002cca       0x24 C:\Users\TURBO9~1\AppData\Local\Temp\arduino_cache_432467\core\core_487b1ced4e7b37e8d402730d0433b7e0.a(usb_mem.c.o)
                0x08002cca                PMAToUserBufferCopy
 .text.SetEPTxStatus
                0x08002cee       0x2a C:\Users\TURBO9~1\AppData\Local\Temp\arduino_cache_432467\core\core_487b1ced4e7b37e8d402730d0433b7e0.a(usb_regs.c.o)
                0x08002cee                SetEPTxStatus
 .text.ClearDTOG_RX
                0x08002d18       0x20 C:\Users\TURBO9~1\AppData\Local\Temp\arduino_cache_432467\core\core_487b1ced4e7b37e8d402730d0433b7e0.a(usb_regs.c.o)
                0x08002d18                ClearDTOG_RX
 .text.ClearDTOG_TX
                0x08002d38       0x20 C:\Users\TURBO9~1\AppData\Local\Temp\arduino_cache_432467\core\core_487b1ced4e7b37e8d402730d0433b7e0.a(usb_regs.c.o)
                0x08002d38                ClearDTOG_TX
 .text.GetEPTxAddr
                0x08002d58       0x1c C:\Users\TURBO9~1\AppData\Local\Temp\arduino_cache_432467\core\core_487b1ced4e7b37e8d402730d0433b7e0.a(usb_regs.c.o)
                0x08002d58                GetEPTxAddr
 .text.GetEPRxAddr
                0x08002d74       0x1c C:\Users\TURBO9~1\AppData\Local\Temp\arduino_cache_432467\core\core_487b1ced4e7b37e8d402730d0433b7e0.a(usb_regs.c.o)
                0x08002d74                GetEPRxAddr
 .text.SetEPTxCount
                0x08002d90       0x1c C:\Users\TURBO9~1\AppData\Local\Temp\arduino_cache_432467\core\core_487b1ced4e7b37e8d402730d0433b7e0.a(usb_regs.c.o)
                0x08002d90                SetEPTxCount
 .text.SetEPRxCount
                0x08002dac       0x40 C:\Users\TURBO9~1\AppData\Local\Temp\arduino_cache_432467\core\core_487b1ced4e7b37e8d402730d0433b7e0.a(usb_regs.c.o)
                0x08002dac                SetEPRxCount
 .text.throb    0x08002dec       0x4c C:\Users\TURBO9~1\AppData\Local\Temp\arduino_cache_432467\core\core_487b1ced4e7b37e8d402730d0433b7e0.a(util.c.o)
                0x08002dec                throb
 .text.__error  0x08002e38       0x14 C:\Users\TURBO9~1\AppData\Local\Temp\arduino_cache_432467\core\core_487b1ced4e7b37e8d402730d0433b7e0.a(util.c.o)
                0x08002e38                __error
 .text.startup._Z7premainv
                0x08002e4c        0x4 C:\Users\TURBO9~1\AppData\Local\Temp\arduino_cache_432467\core\core_487b1ced4e7b37e8d402730d0433b7e0.a(main.cpp.o)
                0x08002e4c                premain()
 .text.startup.main
                0x08002e50        0xc C:\Users\TURBO9~1\AppData\Local\Temp\arduino_cache_432467\core\core_487b1ced4e7b37e8d402730d0433b7e0.a(main.cpp.o)
                0x08002e50                main
 .text._ZN9USBSerial9availableEv
                0x08002e5c        0x4 C:\Users\TURBO9~1\AppData\Local\Temp\arduino_cache_432467\core\core_487b1ced4e7b37e8d402730d0433b7e0.a(usb_serial.cpp.o)
                0x08002e5c                USBSerial::available()
 .text._ZN9USBSerial4peekEv
                0x08002e60       0x1e C:\Users\TURBO9~1\AppData\Local\Temp\arduino_cache_432467\core\core_487b1ced4e7b37e8d402730d0433b7e0.a(usb_serial.cpp.o)
                0x08002e60                USBSerial::peek()
 .text._ZN9USBSerial4readEv
                0x08002e7e       0x1e C:\Users\TURBO9~1\AppData\Local\Temp\arduino_cache_432467\core\core_487b1ced4e7b37e8d402730d0433b7e0.a(usb_serial.cpp.o)
                0x08002e7e                USBSerial::read()
 .text._ZL14ifaceSetupHookjPv
                0x08002e9c       0x38 C:\Users\TURBO9~1\AppData\Local\Temp\arduino_cache_432467\core\core_487b1ced4e7b37e8d402730d0433b7e0.a(usb_serial.cpp.o)
 .text._ZL6rxHookjPv
                0x08002ed4       0xa0 C:\Users\TURBO9~1\AppData\Local\Temp\arduino_cache_432467\core\core_487b1ced4e7b37e8d402730d0433b7e0.a(usb_serial.cpp.o)
 .text._ZL10wait_resetv
                0x08002f74       0x10 C:\Users\TURBO9~1\AppData\Local\Temp\arduino_cache_432467\core\core_487b1ced4e7b37e8d402730d0433b7e0.a(usb_serial.cpp.o)
 .text._ZN9USBSerialC2Ev
                0x08002f84       0x14 C:\Users\TURBO9~1\AppData\Local\Temp\arduino_cache_432467\core\core_487b1ced4e7b37e8d402730d0433b7e0.a(usb_serial.cpp.o)
                0x08002f84                USBSerial::USBSerial()
                0x08002f84                USBSerial::USBSerial()
 .text._ZN9USBSerial5beginEv
                0x08002f98       0x34 C:\Users\TURBO9~1\AppData\Local\Temp\arduino_cache_432467\core\core_487b1ced4e7b37e8d402730d0433b7e0.a(usb_serial.cpp.o)
                0x08002f98                USBSerial::begin()
 .text._ZN9USBSerial5writeEPKhm
                0x08002fcc       0x2c C:\Users\TURBO9~1\AppData\Local\Temp\arduino_cache_432467\core\core_487b1ced4e7b37e8d402730d0433b7e0.a(usb_serial.cpp.o)
                0x08002fcc                USBSerial::write(unsigned char const*, unsigned long)
 .text._ZN9USBSerial5writeEh
                0x08002ff8       0x18 C:\Users\TURBO9~1\AppData\Local\Temp\arduino_cache_432467\core\core_487b1ced4e7b37e8d402730d0433b7e0.a(usb_serial.cpp.o)
                0x08002ff8                USBSerial::write(unsigned char)
 .text._ZN9USBSerial5writeEPKc
                0x08003010       0x1a C:\Users\TURBO9~1\AppData\Local\Temp\arduino_cache_432467\core\core_487b1ced4e7b37e8d402730d0433b7e0.a(usb_serial.cpp.o)
                0x08003010                USBSerial::write(char const*)
 .text._ZN9USBSerial4readEPhm
                0x0800302a       0x1c C:\Users\TURBO9~1\AppData\Local\Temp\arduino_cache_432467\core\core_487b1ced4e7b37e8d402730d0433b7e0.a(usb_serial.cpp.o)
                0x0800302a                USBSerial::read(unsigned char*, unsigned long)
 .text._ZN9USBSerial5flushEv
                0x08003046       0x1c C:\Users\TURBO9~1\AppData\Local\Temp\arduino_cache_432467\core\core_487b1ced4e7b37e8d402730d0433b7e0.a(usb_serial.cpp.o)
                0x08003046                USBSerial::flush()
 *fill*         0x08003062        0x2 
 .text.startup._GLOBAL__sub_I__ZN9USBSerial9_hasBegunE
                0x08003064        0xc C:\Users\TURBO9~1\AppData\Local\Temp\arduino_cache_432467\core\core_487b1ced4e7b37e8d402730d0433b7e0.a(usb_serial.cpp.o)
 .text._Z17delayMicrosecondsm
                0x08003070       0x10 C:\Users\TURBO9~1\AppData\Local\Temp\arduino_cache_432467\core\core_487b1ced4e7b37e8d402730d0433b7e0.a(wirish_time.cpp.o)
                0x08003070                delayMicroseconds(unsigned long)
 .text.bkp_init
                0x08003080       0x18 C:\Users\TURBO9~1\AppData\Local\Temp\arduino_cache_432467\core\core_487b1ced4e7b37e8d402730d0433b7e0.a(bkp_f1.c.o)
                0x08003080                bkp_init
 .text.bkp_enable_writes
                0x08003098        0xc C:\Users\TURBO9~1\AppData\Local\Temp\arduino_cache_432467\core\core_487b1ced4e7b37e8d402730d0433b7e0.a(bkp_f1.c.o)
                0x08003098                bkp_enable_writes
 .text.bkp_disable_writes
                0x080030a4        0xc C:\Users\TURBO9~1\AppData\Local\Temp\arduino_cache_432467\core\core_487b1ced4e7b37e8d402730d0433b7e0.a(bkp_f1.c.o)
                0x080030a4                bkp_disable_writes
 .text.bkp_write
                0x080030b0       0x16 C:\Users\TURBO9~1\AppData\Local\Temp\arduino_cache_432467\core\core_487b1ced4e7b37e8d402730d0433b7e0.a(bkp_f1.c.o)
                0x080030b0                bkp_write
 .text.gpio_init
                0x080030c6       0x14 C:\Users\TURBO9~1\AppData\Local\Temp\arduino_cache_432467\core\core_487b1ced4e7b37e8d402730d0433b7e0.a(gpio.c.o)
                0x080030c6                gpio_init
 .text.i2c_start_condition
                0x080030da       0x14 C:\Users\TURBO9~1\AppData\Local\Temp\arduino_cache_432467\core\core_487b1ced4e7b37e8d402730d0433b7e0.a(i2c.c.o)
 .text.i2c_stop_condition
                0x080030ee       0x1c C:\Users\TURBO9~1\AppData\Local\Temp\arduino_cache_432467\core\core_487b1ced4e7b37e8d402730d0433b7e0.a(i2c.c.o)
 *fill*         0x0800310a        0x2 
 .text._i2c_irq_handler
                0x0800310c      0x16c C:\Users\TURBO9~1\AppData\Local\Temp\arduino_cache_432467\core\core_487b1ced4e7b37e8d402730d0433b7e0.a(i2c.c.o)
                0x0800310c                _i2c_irq_handler
 .text._i2c_irq_error_handler
                0x08003278       0x2a C:\Users\TURBO9~1\AppData\Local\Temp\arduino_cache_432467\core\core_487b1ced4e7b37e8d402730d0433b7e0.a(i2c.c.o)
                0x08003278                _i2c_irq_error_handler
 *fill*         0x080032a2        0x2 
 .text.exit     0x080032a4       0x20 c:/users/turbo9000/appdata/local/arduino15/packages/arduino/tools/arm-none-eabi-gcc/4.8.3-2014q1/bin/../lib/gcc/arm-none-eabi/4.8.3/../../../../arm-none-eabi/lib/armv7-m\libc.a(lib_a-exit.o)
                0x080032a4                exit
 .text.__libc_init_array
                0x080032c4       0x50 c:/users/turbo9000/appdata/local/arduino15/packages/arduino/tools/arm-none-eabi-gcc/4.8.3-2014q1/bin/../lib/gcc/arm-none-eabi/4.8.3/../../../../arm-none-eabi/lib/armv7-m\libc.a(lib_a-init.o)
                0x080032c4                __libc_init_array
 .text.strlen   0x08003314       0x60 c:/users/turbo9000/appdata/local/arduino15/packages/arduino/tools/arm-none-eabi-gcc/4.8.3-2014q1/bin/../lib/gcc/arm-none-eabi/4.8.3/../../../../arm-none-eabi/lib/armv7-m\libc.a(lib_a-strlen.o)
                0x08003314                strlen
 .text.startup.register_fini
                0x08003374       0x14 c:/users/turbo9000/appdata/local/arduino15/packages/arduino/tools/arm-none-eabi-gcc/4.8.3-2014q1/bin/../lib/gcc/arm-none-eabi/4.8.3/../../../../arm-none-eabi/lib/armv7-m\libc.a(lib_a-__call_atexit.o)
 .text.__call_exitprocs
                0x08003388       0xf0 c:/users/turbo9000/appdata/local/arduino15/packages/arduino/tools/arm-none-eabi-gcc/4.8.3-2014q1/bin/../lib/gcc/arm-none-eabi/4.8.3/../../../../arm-none-eabi/lib/armv7-m\libc.a(lib_a-__call_atexit.o)
                0x08003388                __call_exitprocs
 .text.atexit   0x08003478        0xc c:/users/turbo9000/appdata/local/arduino15/packages/arduino/tools/arm-none-eabi-gcc/4.8.3-2014q1/bin/../lib/gcc/arm-none-eabi/4.8.3/../../../../arm-none-eabi/lib/armv7-m\libc.a(lib_a-atexit.o)
                0x08003478                atexit
 .text.__libc_fini_array
                0x08003484       0x30 c:/users/turbo9000/appdata/local/arduino15/packages/arduino/tools/arm-none-eabi-gcc/4.8.3-2014q1/bin/../lib/gcc/arm-none-eabi/4.8.3/../../../../arm-none-eabi/lib/armv7-m\libc.a(lib_a-fini.o)
                0x08003484                __libc_fini_array
 .text.__register_exitproc
                0x080034b4       0xa8 c:/users/turbo9000/appdata/local/arduino15/packages/arduino/tools/arm-none-eabi-gcc/4.8.3-2014q1/bin/../lib/gcc/arm-none-eabi/4.8.3/../../../../arm-none-eabi/lib/armv7-m\libc.a(lib_a-__atexit.o)
                0x080034b4                __register_exitproc
 *(.plt)
 *(.gnu.warning)
 *(.glue_7t)
 .glue_7t       0x00000000        0x0 linker stubs
 *(.glue_7)
 .glue_7        0x00000000        0x0 linker stubs
 *(.vfp11_veneer)
 .vfp11_veneer  0x00000000        0x0 linker stubs
 *(.ARM.extab* .gnu.linkonce.armextab.*)
 *(.gcc_except_table)
 *(.eh_frame_hdr)
 *(.eh_frame)
 .eh_frame      0x0800355c        0x0 c:/users/turbo9000/appdata/local/arduino15/packages/arduino/tools/arm-none-eabi-gcc/4.8.3-2014q1/bin/../lib/gcc/arm-none-eabi/4.8.3/armv7-m/crtbegin.o
                0x0800355c                . = ALIGN (0x4)
 *(.init)
 .init          0x0800355c        0x4 c:/users/turbo9000/appdata/local/arduino15/packages/arduino/tools/arm-none-eabi-gcc/4.8.3-2014q1/bin/../lib/gcc/arm-none-eabi/4.8.3/armv7-m/crti.o
                0x0800355c                _init
 .init          0x08003560        0x8 c:/users/turbo9000/appdata/local/arduino15/packages/arduino/tools/arm-none-eabi-gcc/4.8.3-2014q1/bin/../lib/gcc/arm-none-eabi/4.8.3/armv7-m/crtn.o
                0x08003568                . = ALIGN (0x4)
                0x08003568                __preinit_array_start = .
 *(.preinit_array)
                0x08003568                __preinit_array_end = .
                0x08003568                . = ALIGN (0x4)
                0x08003568                __init_array_start = .
 *(SORT(.init_array.*))
 .init_array.00000
                0x08003568        0x4 c:/users/turbo9000/appdata/local/arduino15/packages/arduino/tools/arm-none-eabi-gcc/4.8.3-2014q1/bin/../lib/gcc/arm-none-eabi/4.8.3/../../../../arm-none-eabi/lib/armv7-m\libc.a(lib_a-__call_atexit.o)
 .init_array.00101
                0x0800356c        0x4 C:\Users\TURBO9~1\AppData\Local\Temp\arduino_cache_432467\core\core_487b1ced4e7b37e8d402730d0433b7e0.a(main.cpp.o)
 *(.init_array)
 .init_array    0x08003570        0x4 c:/users/turbo9000/appdata/local/arduino15/packages/arduino/tools/arm-none-eabi-gcc/4.8.3-2014q1/bin/../lib/gcc/arm-none-eabi/4.8.3/armv7-m/crtbegin.o
 .init_array    0x08003574        0x4 C:\Users\TURBO9~1\AppData\Local\Temp\arduino_build_805463\core\board.cpp.o
 .init_array    0x08003578        0x4 C:\Users\TURBO9~1\AppData\Local\Temp\arduino_cache_432467\core\core_487b1ced4e7b37e8d402730d0433b7e0.a(usb_serial.cpp.o)
                0x0800357c                __init_array_end = .
                0x0800357c                . = ALIGN (0x4)
 *crtbegin.o(.ctors)
 *(EXCLUDE_FILE(*crtend.o) .ctors)
 *(SORT(.ctors.*))
 *crtend.o(.ctors)
                0x0800357c                . = ALIGN (0x4)
 *(.fini)
 .fini          0x0800357c        0x4 c:/users/turbo9000/appdata/local/arduino15/packages/arduino/tools/arm-none-eabi-gcc/4.8.3-2014q1/bin/../lib/gcc/arm-none-eabi/4.8.3/armv7-m/crti.o
                0x0800357c                _fini
 .fini          0x08003580        0x8 c:/users/turbo9000/appdata/local/arduino15/packages/arduino/tools/arm-none-eabi-gcc/4.8.3-2014q1/bin/../lib/gcc/arm-none-eabi/4.8.3/armv7-m/crtn.o
                0x08003588                . = ALIGN (0x4)
                0x08003588                __fini_array_start = .
 *(.fini_array)
 .fini_array    0x08003588        0x4 c:/users/turbo9000/appdata/local/arduino15/packages/arduino/tools/arm-none-eabi-gcc/4.8.3-2014q1/bin/../lib/gcc/arm-none-eabi/4.8.3/armv7-m/crtbegin.o
 *(SORT(.fini_array.*))
                0x0800358c                __fini_array_end = .
 *crtbegin.o(.dtors)
 *(EXCLUDE_FILE(*crtend.o) .dtors)
 *(SORT(.dtors.*))
 *crtend.o(.dtors)

.v4_bx          0x0800358c        0x0
 .v4_bx         0x00000000        0x0 linker stubs

.iplt           0x0800358c        0x0
 .iplt          0x00000000        0x0 c:/users/turbo9000/appdata/local/arduino15/packages/arduino/tools/arm-none-eabi-gcc/4.8.3-2014q1/bin/../lib/gcc/arm-none-eabi/4.8.3/armv7-m/crtbegin.o

.text.align     0x0800358c        0x4
                0x08003590                . = ALIGN (0x8)
 *fill*         0x0800358c        0x4 
                0x08003590                __text_end__ = .
                0x08003590                __exidx_start = .

.ARM.exidx      0x08003590        0x8
 *(.ARM.exidx* .gnu.linkonce.armexidx.*)
 .ARM.exidx     0x08003590        0x8 C:\Users\TURBO9~1\AppData\Local\Temp\arduino_build_805463\core\wirish\start.S.o
                0x08003598                __exidx_end = .

.data           0x20000000      0x868 load address 0x08003598
                0x20000000                __data_start__ = .
                0x20000000        0x4 LONG 0x0
                0x20000008                . = ALIGN (0x8)
 *fill*         0x20000004        0x4 
 *(.got.plt)
 *(.got)
 *(.data .data.* .gnu.linkonce.d.*)
 .data.TypematicStatusByte
                0x20000008        0x4 C:\Users\TURBO9~1\AppData\Local\Temp\arduino_build_805463\sketch\blue_pill_keyboard.ino.cpp.o
                0x20000008                TypematicStatusByte
 .data._ZN6wirish4privL8pll_dataE
                0x2000000c        0x4 C:\Users\TURBO9~1\AppData\Local\Temp\arduino_build_805463\core\wirish\boards_setup.cpp.o
 .data._ZN6wirish4priv9w_adc_smpE
                0x20000010        0x1 C:\Users\TURBO9~1\AppData\Local\Temp\arduino_build_805463\core\wirish\boards_setup.cpp.o
                0x20000010                wirish::priv::w_adc_smp
 *fill*         0x20000011        0x1 
 .data._ZN6wirish4priv9w_adc_preE
                0x20000012        0x2 C:\Users\TURBO9~1\AppData\Local\Temp\arduino_build_805463\core\wirish\boards_setup.cpp.o
                0x20000012                wirish::priv::w_adc_pre
 .data._ZN6wirish4priv15w_board_pll_cfgE
                0x20000014        0x8 C:\Users\TURBO9~1\AppData\Local\Temp\arduino_build_805463\core\wirish\boards_setup.cpp.o
                0x20000014                wirish::priv::w_board_pll_cfg
 .data.adc2     0x2000001c        0x8 C:\Users\TURBO9~1\AppData\Local\Temp\arduino_cache_432467\core\core_487b1ced4e7b37e8d402730d0433b7e0.a(adc_f1.c.o)
                0x2000001c                adc2
 .data.adc1     0x20000024       0x18 C:\Users\TURBO9~1\AppData\Local\Temp\arduino_cache_432467\core\core_487b1ced4e7b37e8d402730d0433b7e0.a(adc_f1.c.o)
                0x20000024                adc1
 .data.ADC2     0x2000003c        0x4 C:\Users\TURBO9~1\AppData\Local\Temp\arduino_cache_432467\core\core_487b1ced4e7b37e8d402730d0433b7e0.a(adc_f1.c.o)
                0x2000003c                ADC2
 .data.ADC1     0x20000040        0x4 C:\Users\TURBO9~1\AppData\Local\Temp\arduino_cache_432467\core\core_487b1ced4e7b37e8d402730d0433b7e0.a(adc_f1.c.o)
                0x20000040                ADC1
 .data.dma1     0x20000044       0x40 C:\Users\TURBO9~1\AppData\Local\Temp\arduino_cache_432467\core\core_487b1ced4e7b37e8d402730d0433b7e0.a(dma_f1.c.o)
 .data.DMA1     0x20000084        0x4 C:\Users\TURBO9~1\AppData\Local\Temp\arduino_cache_432467\core\core_487b1ced4e7b37e8d402730d0433b7e0.a(dma_f1.c.o)
                0x20000084                DMA1
 .data.gpioa    0x20000088        0x8 C:\Users\TURBO9~1\AppData\Local\Temp\arduino_cache_432467\core\core_487b1ced4e7b37e8d402730d0433b7e0.a(gpio_f1.c.o)
                0x20000088                gpioa
 .data.gpiob    0x20000090        0x8 C:\Users\TURBO9~1\AppData\Local\Temp\arduino_cache_432467\core\core_487b1ced4e7b37e8d402730d0433b7e0.a(gpio_f1.c.o)
                0x20000090                gpiob
 .data.gpioc    0x20000098        0x8 C:\Users\TURBO9~1\AppData\Local\Temp\arduino_cache_432467\core\core_487b1ced4e7b37e8d402730d0433b7e0.a(gpio_f1.c.o)
                0x20000098                gpioc
 .data.gpiod    0x200000a0        0x8 C:\Users\TURBO9~1\AppData\Local\Temp\arduino_cache_432467\core\core_487b1ced4e7b37e8d402730d0433b7e0.a(gpio_f1.c.o)
                0x200000a0                gpiod
 .data.i2c1     0x200000a8       0x24 C:\Users\TURBO9~1\AppData\Local\Temp\arduino_cache_432467\core\core_487b1ced4e7b37e8d402730d0433b7e0.a(i2c_f1.c.o)
 .data.i2c2     0x200000cc       0x24 C:\Users\TURBO9~1\AppData\Local\Temp\arduino_cache_432467\core\core_487b1ced4e7b37e8d402730d0433b7e0.a(i2c_f1.c.o)
 .data.enable_regs.4411
                0x200000f0        0xc C:\Users\TURBO9~1\AppData\Local\Temp\arduino_cache_432467\core\core_487b1ced4e7b37e8d402730d0433b7e0.a(rcc_f1.c.o)
 .data.reset_regs.4415
                0x200000fc        0x8 C:\Users\TURBO9~1\AppData\Local\Temp\arduino_cache_432467\core\core_487b1ced4e7b37e8d402730d0433b7e0.a(rcc_f1.c.o)
 .data.enable_regs.4424
                0x20000104        0xc C:\Users\TURBO9~1\AppData\Local\Temp\arduino_cache_432467\core\core_487b1ced4e7b37e8d402730d0433b7e0.a(rcc_f1.c.o)
 .data.timer3   0x20000110       0x24 C:\Users\TURBO9~1\AppData\Local\Temp\arduino_cache_432467\core\core_487b1ced4e7b37e8d402730d0433b7e0.a(timer.c.o)
                0x20000110                timer3
 .data.timer4   0x20000134       0x24 C:\Users\TURBO9~1\AppData\Local\Temp\arduino_cache_432467\core\core_487b1ced4e7b37e8d402730d0433b7e0.a(timer.c.o)
                0x20000134                timer4
 .data.timer1   0x20000158       0x28 C:\Users\TURBO9~1\AppData\Local\Temp\arduino_cache_432467\core\core_487b1ced4e7b37e8d402730d0433b7e0.a(timer.c.o)
                0x20000158                timer1
 .data.timer2   0x20000180       0x24 C:\Users\TURBO9~1\AppData\Local\Temp\arduino_cache_432467\core\core_487b1ced4e7b37e8d402730d0433b7e0.a(timer.c.o)
                0x20000180                timer2
 .data.USART1   0x200001a4        0x4 C:\Users\TURBO9~1\AppData\Local\Temp\arduino_cache_432467\core\core_487b1ced4e7b37e8d402730d0433b7e0.a(usart_f1.c.o)
                0x200001a4                USART1
 .data.USART2   0x200001a8        0x4 C:\Users\TURBO9~1\AppData\Local\Temp\arduino_cache_432467\core\core_487b1ced4e7b37e8d402730d0433b7e0.a(usart_f1.c.o)
                0x200001a8                USART2
 .data.USART3   0x200001ac        0x4 C:\Users\TURBO9~1\AppData\Local\Temp\arduino_cache_432467\core\core_487b1ced4e7b37e8d402730d0433b7e0.a(usart_f1.c.o)
                0x200001ac                USART3
 .data.usart1   0x200001b0       0x94 C:\Users\TURBO9~1\AppData\Local\Temp\arduino_cache_432467\core\core_487b1ced4e7b37e8d402730d0433b7e0.a(usart_f1.c.o)
 .data.usart2   0x20000244       0x94 C:\Users\TURBO9~1\AppData\Local\Temp\arduino_cache_432467\core\core_487b1ced4e7b37e8d402730d0433b7e0.a(usart_f1.c.o)
 .data.usart3   0x200002d8       0x94 C:\Users\TURBO9~1\AppData\Local\Temp\arduino_cache_432467\core\core_487b1ced4e7b37e8d402730d0433b7e0.a(usart_f1.c.o)
 .data.USBLIB   0x2000036c        0x4 C:\Users\TURBO9~1\AppData\Local\Temp\arduino_cache_432467\core\core_487b1ced4e7b37e8d402730d0433b7e0.a(usb.c.o)
                0x2000036c                USBLIB
 .data.usblib   0x20000370       0x10 C:\Users\TURBO9~1\AppData\Local\Temp\arduino_cache_432467\core\core_487b1ced4e7b37e8d402730d0433b7e0.a(usb.c.o)
 .data.Config_Descriptor
                0x20000380        0x8 C:\Users\TURBO9~1\AppData\Local\Temp\arduino_cache_432467\core\core_487b1ced4e7b37e8d402730d0433b7e0.a(usb_cdcacm.c.o)
 .data.Device_Property
                0x20000388       0x30 C:\Users\TURBO9~1\AppData\Local\Temp\arduino_cache_432467\core\core_487b1ced4e7b37e8d402730d0433b7e0.a(usb_cdcacm.c.o)
                0x20000388                Device_Property
 .data.ep_int_in
                0x200003b8       0x1c C:\Users\TURBO9~1\AppData\Local\Temp\arduino_cache_432467\core\core_487b1ced4e7b37e8d402730d0433b7e0.a(usb_cdcacm.c.o)
 .data.String_Descriptor
                0x200003d4       0x18 C:\Users\TURBO9~1\AppData\Local\Temp\arduino_cache_432467\core\core_487b1ced4e7b37e8d402730d0433b7e0.a(usb_cdcacm.c.o)
 .data.ep_int_out
                0x200003ec       0x1c C:\Users\TURBO9~1\AppData\Local\Temp\arduino_cache_432467\core\core_487b1ced4e7b37e8d402730d0433b7e0.a(usb_cdcacm.c.o)
 .data.line_coding
                0x20000408        0x7 C:\Users\TURBO9~1\AppData\Local\Temp\arduino_cache_432467\core\core_487b1ced4e7b37e8d402730d0433b7e0.a(usb_cdcacm.c.o)
 *fill*         0x2000040f        0x1 
 .data.User_Standard_Requests
                0x20000410       0x24 C:\Users\TURBO9~1\AppData\Local\Temp\arduino_cache_432467\core\core_487b1ced4e7b37e8d402730d0433b7e0.a(usb_cdcacm.c.o)
                0x20000410                User_Standard_Requests
 .data.Device_Descriptor
                0x20000434        0x8 C:\Users\TURBO9~1\AppData\Local\Temp\arduino_cache_432467\core\core_487b1ced4e7b37e8d402730d0433b7e0.a(usb_cdcacm.c.o)
 .data.Device_Table
                0x2000043c        0x2 C:\Users\TURBO9~1\AppData\Local\Temp\arduino_cache_432467\core\core_487b1ced4e7b37e8d402730d0433b7e0.a(usb_cdcacm.c.o)
                0x2000043c                Device_Table
 *fill*         0x2000043e        0x2 
 .data.impure_data
                0x20000440      0x428 c:/users/turbo9000/appdata/local/arduino15/packages/arduino/tools/arm-none-eabi-gcc/4.8.3-2014q1/bin/../lib/gcc/arm-none-eabi/4.8.3/../../../../arm-none-eabi/lib/armv7-m\libc.a(lib_a-impure.o)
                0x20000868                . = ALIGN (0x8)
                0x20000868                __data_end__ = .

.jcr            0x20000868        0x0 load address 0x08003e00
 .jcr           0x20000868        0x0 c:/users/turbo9000/appdata/local/arduino15/packages/arduino/tools/arm-none-eabi-gcc/4.8.3-2014q1/bin/../lib/gcc/arm-none-eabi/4.8.3/armv7-m/crtbegin.o

.igot.plt       0x20000868        0x0 load address 0x08003e00
 .igot.plt      0x00000000        0x0 c:/users/turbo9000/appdata/local/arduino15/packages/arduino/tools/arm-none-eabi-gcc/4.8.3-2014q1/bin/../lib/gcc/arm-none-eabi/4.8.3/armv7-m/crtbegin.o

.rodata         0x08003e00      0x384
 *(.rodata .rodata.* .gnu.linkonce.r.*)
 .rodata.PIN_MAP
                0x08003e00      0x230 C:\Users\TURBO9~1\AppData\Local\Temp\arduino_build_805463\core\board.cpp.o
                0x08003e00                PIN_MAP
 .rodata._ZTV14HardwareSerial
                0x08004030       0x28 C:\Users\TURBO9~1\AppData\Local\Temp\arduino_cache_432467\core\core_487b1ced4e7b37e8d402730d0433b7e0.a(HardwareSerial.cpp.o)
                0x08004030                vtable for HardwareSerial
 .rodata.GPIOA  0x08004058        0x4 C:\Users\TURBO9~1\AppData\Local\Temp\arduino_cache_432467\core\core_487b1ced4e7b37e8d402730d0433b7e0.a(gpio_f1.c.o)
                0x08004058                GPIOA
 .rodata.GPIOB  0x0800405c        0x4 C:\Users\TURBO9~1\AppData\Local\Temp\arduino_cache_432467\core\core_487b1ced4e7b37e8d402730d0433b7e0.a(gpio_f1.c.o)
                0x0800405c                GPIOB
 .rodata.GPIOC  0x08004060        0x4 C:\Users\TURBO9~1\AppData\Local\Temp\arduino_cache_432467\core\core_487b1ced4e7b37e8d402730d0433b7e0.a(gpio_f1.c.o)
                0x08004060                GPIOC
 .rodata.rcc_dev_table
                0x08004064       0x5c C:\Users\TURBO9~1\AppData\Local\Temp\arduino_cache_432467\core\core_487b1ced4e7b37e8d402730d0433b7e0.a(rcc_f1.c.o)
                0x08004064                rcc_dev_table
 .rodata.masks.4420
                0x080040c0       0x14 C:\Users\TURBO9~1\AppData\Local\Temp\arduino_cache_432467\core\core_487b1ced4e7b37e8d402730d0433b7e0.a(rcc_f1.c.o)
 .rodata.usbVcomDescriptor_iProduct
                0x080040d4        0xc C:\Users\TURBO9~1\AppData\Local\Temp\arduino_cache_432467\core\core_487b1ced4e7b37e8d402730d0433b7e0.a(usb_cdcacm.c.o)
 .rodata.usbVcomDescriptor_iManufacturer
                0x080040e0       0x12 C:\Users\TURBO9~1\AppData\Local\Temp\arduino_cache_432467\core\core_487b1ced4e7b37e8d402730d0433b7e0.a(usb_cdcacm.c.o)
 .rodata.usbVcomDescriptor_Device
                0x080040f2       0x12 C:\Users\TURBO9~1\AppData\Local\Temp\arduino_cache_432467\core\core_487b1ced4e7b37e8d402730d0433b7e0.a(usb_cdcacm.c.o)
 .rodata.usbVcomDescriptor_Config
                0x08004104       0x43 C:\Users\TURBO9~1\AppData\Local\Temp\arduino_cache_432467\core\core_487b1ced4e7b37e8d402730d0433b7e0.a(usb_cdcacm.c.o)
 .rodata.usbVcomDescriptor_LangID
                0x08004147        0x4 C:\Users\TURBO9~1\AppData\Local\Temp\arduino_cache_432467\core\core_487b1ced4e7b37e8d402730d0433b7e0.a(usb_cdcacm.c.o)
 *fill*         0x0800414b        0x5 
 .rodata._ZTV9USBSerial
                0x08004150       0x28 C:\Users\TURBO9~1\AppData\Local\Temp\arduino_cache_432467\core\core_487b1ced4e7b37e8d402730d0433b7e0.a(usb_serial.cpp.o)
                0x08004150                vtable for USBSerial
 .rodata.str1.4
                0x08004178        0x4 c:/users/turbo9000/appdata/local/arduino15/packages/arduino/tools/arm-none-eabi-gcc/4.8.3-2014q1/bin/../lib/gcc/arm-none-eabi/4.8.3/../../../../arm-none-eabi/lib/armv7-m\libc.a(lib_a-impure.o)
 .rodata._global_impure_ptr
                0x0800417c        0x4 c:/users/turbo9000/appdata/local/arduino15/packages/arduino/tools/arm-none-eabi-gcc/4.8.3-2014q1/bin/../lib/gcc/arm-none-eabi/4.8.3/../../../../arm-none-eabi/lib/armv7-m\libc.a(lib_a-impure.o)
                0x0800417c                _global_impure_ptr
 *(.USER_FLASH)
                0x08004180                . = ALIGN (0x4)
                0x08004180                _lm_rom_img_cfgp = .
                0x08004180        0x4 LONG 0x8003598 LOADADDR (.data)
                0x20000d30                _lm_heap_start = DEFINED (_lm_heap_start)?_lm_heap_start:_end
                0x20005000                _lm_heap_end = DEFINED (_lm_heap_end)?_lm_heap_end:__msp_init

.rel.dyn        0x08004184        0x0
 .rel.iplt      0x00000000        0x0 c:/users/turbo9000/appdata/local/arduino15/packages/arduino/tools/arm-none-eabi-gcc/4.8.3-2014q1/bin/../lib/gcc/arm-none-eabi/4.8.3/armv7-m/crtbegin.o

.bss            0x20000868      0x4c8
                0x20000868                . = ALIGN (0x8)
                0x20000868                __bss_start__ = .
 *(.bss .bss.* .gnu.linkonce.b.*)
 .bss           0x20000868       0x1c c:/users/turbo9000/appdata/local/arduino15/packages/arduino/tools/arm-none-eabi-gcc/4.8.3-2014q1/bin/../lib/gcc/arm-none-eabi/4.8.3/armv7-m/crtbegin.o
 .bss.outgoing  0x20000884        0x1 C:\Users\TURBO9~1\AppData\Local\Temp\arduino_build_805463\sketch\blue_pill_keyboard.ino.cpp.o
                0x20000884                outgoing
 .bss.head      0x20000885        0x1 C:\Users\TURBO9~1\AppData\Local\Temp\arduino_build_805463\sketch\blue_pill_keyboard.ino.cpp.o
                0x20000885                head
 .bss.hasParityError
                0x20000886        0x1 C:\Users\TURBO9~1\AppData\Local\Temp\arduino_build_805463\sketch\blue_pill_keyboard.ino.cpp.o
                0x20000886                hasParityError
 .bss.requestResendFromKeyboard
                0x20000887        0x1 C:\Users\TURBO9~1\AppData\Local\Temp\arduino_build_805463\sketch\blue_pill_keyboard.ino.cpp.o
                0x20000887                requestResendFromKeyboard
 .bss._parity   0x20000888        0x1 C:\Users\TURBO9~1\AppData\Local\Temp\arduino_build_805463\sketch\blue_pill_keyboard.ino.cpp.o
                0x20000888                _parity
 .bss.sendTail  0x20000889        0x1 C:\Users\TURBO9~1\AppData\Local\Temp\arduino_build_805463\sketch\blue_pill_keyboard.ino.cpp.o
                0x20000889                sendTail
 .bss.waitingForResetAck
                0x2000088a        0x1 C:\Users\TURBO9~1\AppData\Local\Temp\arduino_build_805463\sketch\blue_pill_keyboard.ino.cpp.o
                0x2000088a                waitingForResetAck
 .bss.TypematicStatusIncoming
                0x2000088b        0x1 C:\Users\TURBO9~1\AppData\Local\Temp\arduino_build_805463\sketch\blue_pill_keyboard.ino.cpp.o
                0x2000088b                TypematicStatusIncoming
 .bss.LEDstatusIncoming
                0x2000088c        0x1 C:\Users\TURBO9~1\AppData\Local\Temp\arduino_build_805463\sketch\blue_pill_keyboard.ino.cpp.o
                0x2000088c                LEDstatusIncoming
 .bss.incoming  0x2000088d        0x1 C:\Users\TURBO9~1\AppData\Local\Temp\arduino_build_805463\sketch\blue_pill_keyboard.ino.cpp.o
                0x2000088d                incoming
 .bss.sendBuffer
                0x2000088e       0x80 C:\Users\TURBO9~1\AppData\Local\Temp\arduino_build_805463\sketch\blue_pill_keyboard.ino.cpp.o
                0x2000088e                sendBuffer
 .bss.resendTimeout
                0x2000090e        0x1 C:\Users\TURBO9~1\AppData\Local\Temp\arduino_build_805463\sketch\blue_pill_keyboard.ino.cpp.o
                0x2000090e                resendTimeout
 .bss.buffer    0x2000090f       0x80 C:\Users\TURBO9~1\AppData\Local\Temp\arduino_build_805463\sketch\blue_pill_keyboard.ino.cpp.o
                0x2000090f                buffer
 .bss.sendHead  0x2000098f        0x1 C:\Users\TURBO9~1\AppData\Local\Temp\arduino_build_805463\sketch\blue_pill_keyboard.ino.cpp.o
                0x2000098f                sendHead
 .bss.prev_ms   0x20000990        0x4 C:\Users\TURBO9~1\AppData\Local\Temp\arduino_build_805463\sketch\blue_pill_keyboard.ino.cpp.o
                0x20000990                prev_ms
 .bss.WriteToPS2keyboard
                0x20000994        0x1 C:\Users\TURBO9~1\AppData\Local\Temp\arduino_build_805463\sketch\blue_pill_keyboard.ino.cpp.o
                0x20000994                WriteToPS2keyboard
 .bss.bitcount  0x20000995        0x1 C:\Users\TURBO9~1\AppData\Local\Temp\arduino_build_805463\sketch\blue_pill_keyboard.ino.cpp.o
                0x20000995                bitcount
 *fill*         0x20000996        0x2 
 .bss.LEDstatusByte
                0x20000998        0x4 C:\Users\TURBO9~1\AppData\Local\Temp\arduino_build_805463\sketch\blue_pill_keyboard.ino.cpp.o
                0x20000998                LEDstatusByte
 .bss.PS2busy   0x2000099c        0x1 C:\Users\TURBO9~1\AppData\Local\Temp\arduino_build_805463\sketch\blue_pill_keyboard.ino.cpp.o
                0x2000099c                PS2busy
 .bss._ZZ14Listen_To_SegavE13incomingValue
                0x2000099d        0x1 C:\Users\TURBO9~1\AppData\Local\Temp\arduino_build_805463\sketch\blue_pill_keyboard.ino.cpp.o
 .bss.tail      0x2000099e        0x1 C:\Users\TURBO9~1\AppData\Local\Temp\arduino_build_805463\sketch\blue_pill_keyboard.ino.cpp.o
                0x2000099e                tail
 .bss.ACKtimeout
                0x2000099f        0x1 C:\Users\TURBO9~1\AppData\Local\Temp\arduino_build_805463\sketch\blue_pill_keyboard.ino.cpp.o
                0x2000099f                ACKtimeout
 .bss.waitingForAck
                0x200009a0        0x1 C:\Users\TURBO9~1\AppData\Local\Temp\arduino_build_805463\sketch\blue_pill_keyboard.ino.cpp.o
                0x200009a0                waitingForAck
 *fill*         0x200009a1        0x3 
 .bss.Serial1   0x200009a4       0x18 C:\Users\TURBO9~1\AppData\Local\Temp\arduino_build_805463\core\board.cpp.o
                0x200009a4                Serial1
 .bss.Serial2   0x200009bc       0x18 C:\Users\TURBO9~1\AppData\Local\Temp\arduino_build_805463\core\board.cpp.o
                0x200009bc                Serial2
 .bss.Serial3   0x200009d4       0x18 C:\Users\TURBO9~1\AppData\Local\Temp\arduino_build_805463\core\board.cpp.o
                0x200009d4                Serial3
 .bss.exti_channels
                0x200009ec       0x80 C:\Users\TURBO9~1\AppData\Local\Temp\arduino_cache_432467\core\core_487b1ced4e7b37e8d402730d0433b7e0.a(exti.c.o)
 .bss.systick_user_callback
                0x20000a6c        0x4 C:\Users\TURBO9~1\AppData\Local\Temp\arduino_cache_432467\core\core_487b1ced4e7b37e8d402730d0433b7e0.a(systick.c.o)
 .bss.usart1_wb
                0x20000a70        0xc C:\Users\TURBO9~1\AppData\Local\Temp\arduino_cache_432467\core\core_487b1ced4e7b37e8d402730d0433b7e0.a(usart_f1.c.o)
 .bss.usart1_rb
                0x20000a7c        0xc C:\Users\TURBO9~1\AppData\Local\Temp\arduino_cache_432467\core\core_487b1ced4e7b37e8d402730d0433b7e0.a(usart_f1.c.o)
 .bss.usart2_rb
                0x20000a88        0xc C:\Users\TURBO9~1\AppData\Local\Temp\arduino_cache_432467\core\core_487b1ced4e7b37e8d402730d0433b7e0.a(usart_f1.c.o)
 .bss.usart3_rb
                0x20000a94        0xc C:\Users\TURBO9~1\AppData\Local\Temp\arduino_cache_432467\core\core_487b1ced4e7b37e8d402730d0433b7e0.a(usart_f1.c.o)
 .bss.usart2_wb
                0x20000aa0        0xc C:\Users\TURBO9~1\AppData\Local\Temp\arduino_cache_432467\core\core_487b1ced4e7b37e8d402730d0433b7e0.a(usart_f1.c.o)
 .bss.usart3_wb
                0x20000aac        0xc C:\Users\TURBO9~1\AppData\Local\Temp\arduino_cache_432467\core\core_487b1ced4e7b37e8d402730d0433b7e0.a(usart_f1.c.o)
 .bss.line_dtr_rts
                0x20000ab8        0x1 C:\Users\TURBO9~1\AppData\Local\Temp\arduino_cache_432467\core\core_487b1ced4e7b37e8d402730d0433b7e0.a(usb_cdcacm.c.o)
 .bss.vcomBufferTx
                0x20000ab9      0x100 C:\Users\TURBO9~1\AppData\Local\Temp\arduino_cache_432467\core\core_487b1ced4e7b37e8d402730d0433b7e0.a(usb_cdcacm.c.o)
 *fill*         0x20000bb9        0x3 
 .bss.tx_head   0x20000bbc        0x4 C:\Users\TURBO9~1\AppData\Local\Temp\arduino_cache_432467\core\core_487b1ced4e7b37e8d402730d0433b7e0.a(usb_cdcacm.c.o)
 .bss.rx_hook   0x20000bc0        0x4 C:\Users\TURBO9~1\AppData\Local\Temp\arduino_cache_432467\core\core_487b1ced4e7b37e8d402730d0433b7e0.a(usb_cdcacm.c.o)
 .bss.vcomBufferRx
                0x20000bc4      0x100 C:\Users\TURBO9~1\AppData\Local\Temp\arduino_cache_432467\core\core_487b1ced4e7b37e8d402730d0433b7e0.a(usb_cdcacm.c.o)
 .bss.transmitting
                0x20000cc4        0x1 C:\Users\TURBO9~1\AppData\Local\Temp\arduino_cache_432467\core\core_487b1ced4e7b37e8d402730d0433b7e0.a(usb_cdcacm.c.o)
 *fill*         0x20000cc5        0x3 
 .bss.rx_tail   0x20000cc8        0x4 C:\Users\TURBO9~1\AppData\Local\Temp\arduino_cache_432467\core\core_487b1ced4e7b37e8d402730d0433b7e0.a(usb_cdcacm.c.o)
 .bss.iface_setup_hook
                0x20000ccc        0x4 C:\Users\TURBO9~1\AppData\Local\Temp\arduino_cache_432467\core\core_487b1ced4e7b37e8d402730d0433b7e0.a(usb_cdcacm.c.o)
 .bss.rx_head   0x20000cd0        0x4 C:\Users\TURBO9~1\AppData\Local\Temp\arduino_cache_432467\core\core_487b1ced4e7b37e8d402730d0433b7e0.a(usb_cdcacm.c.o)
 .bss.tx_tail   0x20000cd4        0x4 C:\Users\TURBO9~1\AppData\Local\Temp\arduino_cache_432467\core\core_487b1ced4e7b37e8d402730d0433b7e0.a(usb_cdcacm.c.o)
 .bss.Data_Mul_MaxPacketSize
                0x20000cd8        0x1 C:\Users\TURBO9~1\AppData\Local\Temp\arduino_cache_432467\core\core_487b1ced4e7b37e8d402730d0433b7e0.a(usb_core.c.o)
                0x20000cd8                Data_Mul_MaxPacketSize
 .bss._ZN9USBSerial9_hasBegunE
                0x20000cd9        0x1 C:\Users\TURBO9~1\AppData\Local\Temp\arduino_cache_432467\core\core_487b1ced4e7b37e8d402730d0433b7e0.a(usb_serial.cpp.o)
                0x20000cd9                USBSerial::_hasBegun
 *fill*         0x20000cda        0x2 
 .bss.Serial    0x20000cdc       0x10 C:\Users\TURBO9~1\AppData\Local\Temp\arduino_cache_432467\core\core_487b1ced4e7b37e8d402730d0433b7e0.a(usb_serial.cpp.o)
                0x20000cdc                Serial
 .bss._ZL11reset_state
                0x20000cec        0x1 C:\Users\TURBO9~1\AppData\Local\Temp\arduino_cache_432467\core\core_487b1ced4e7b37e8d402730d0433b7e0.a(usb_serial.cpp.o)
 *(COMMON)
 *fill*         0x20000ced        0x3 
 COMMON         0x20000cf0        0x4 C:\Users\TURBO9~1\AppData\Local\Temp\arduino_cache_432467\core\core_487b1ced4e7b37e8d402730d0433b7e0.a(systick.c.o)
                0x20000cf0                systick_uptime_millis
 COMMON         0x20000cf4        0x6 C:\Users\TURBO9~1\AppData\Local\Temp\arduino_cache_432467\core\core_487b1ced4e7b37e8d402730d0433b7e0.a(usb.c.o)
                0x20000cf4                SaveRState
                0x20000cf6                SaveTState
                0x20000cf8                ResumeS
 COMMON         0x20000cfa        0x2 C:\Users\TURBO9~1\AppData\Local\Temp\arduino_cache_432467\core\core_487b1ced4e7b37e8d402730d0433b7e0.a(usb_core.c.o)
                0x20000cfa                StatusInfo
 COMMON         0x20000cfc       0x32 C:\Users\TURBO9~1\AppData\Local\Temp\arduino_cache_432467\core\core_487b1ced4e7b37e8d402730d0433b7e0.a(usb_init.c.o)
                0x20000cfc                SaveState
                0x20000d00                pProperty
                0x20000d04                EPindex
                0x20000d08                Device_Info
                0x20000d24                pUser_Standard_Requests
                0x20000d28                pInformation
                0x20000d2c                wInterrupt_Mask
                0x20000d30                . = ALIGN (0x8)
 *fill*         0x20000d2e        0x2 
                0x20000d30                __bss_end__ = .
                0x20000d30                _end = __bss_end__

.stab
 *(.stab)

.stabstr
 *(.stabstr)

.debug
 *(.debug)

.line
 *(.line)

.debug_srcinfo
 *(.debug_srcinfo)

.debug_sfnames
 *(.debug_sfnames)

.debug_aranges  0x00000000      0xff8
 *(.debug_aranges)
 .debug_aranges
                0x00000000       0xc0 C:\Users\TURBO9~1\AppData\Local\Temp\arduino_build_805463\sketch\blue_pill_keyboard.ino.cpp.o
 .debug_aranges
                0x000000c0       0x28 C:\Users\TURBO9~1\AppData\Local\Temp\arduino_build_805463\core\board.cpp.o
 .debug_aranges
                0x000000e8       0x40 C:\Users\TURBO9~1\AppData\Local\Temp\arduino_build_805463\core\wirish\boards.cpp.o
 .debug_aranges
                0x00000128       0x40 C:\Users\TURBO9~1\AppData\Local\Temp\arduino_build_805463\core\wirish\boards_setup.cpp.o
 .debug_aranges
                0x00000168       0x20 C:\Users\TURBO9~1\AppData\Local\Temp\arduino_build_805463\core\wirish\start.S.o
 .debug_aranges
                0x00000188       0x20 C:\Users\TURBO9~1\AppData\Local\Temp\arduino_build_805463\core\wirish\start_c.c.o
 .debug_aranges
                0x000001a8       0x88 C:\Users\TURBO9~1\AppData\Local\Temp\arduino_build_805463\core\wirish\syscalls.c.o
 .debug_aranges
                0x00000230       0x70 C:\Users\TURBO9~1\AppData\Local\Temp\arduino_cache_432467\core\core_487b1ced4e7b37e8d402730d0433b7e0.a(HardwareSerial.cpp.o)
 .debug_aranges
                0x000002a0      0x110 C:\Users\TURBO9~1\AppData\Local\Temp\arduino_cache_432467\core\core_487b1ced4e7b37e8d402730d0433b7e0.a(Print.cpp.o)
 .debug_aranges
                0x000003b0       0x20 C:\Users\TURBO9~1\AppData\Local\Temp\arduino_cache_432467\core\core_487b1ced4e7b37e8d402730d0433b7e0.a(cxxabi-compat.cpp.o)
 .debug_aranges
                0x000003d0       0x30 C:\Users\TURBO9~1\AppData\Local\Temp\arduino_cache_432467\core\core_487b1ced4e7b37e8d402730d0433b7e0.a(ext_interrupts.cpp.o)
 .debug_aranges
                0x00000400       0x38 C:\Users\TURBO9~1\AppData\Local\Temp\arduino_cache_432467\core\core_487b1ced4e7b37e8d402730d0433b7e0.a(adc.c.o)
 .debug_aranges
                0x00000438       0x58 C:\Users\TURBO9~1\AppData\Local\Temp\arduino_cache_432467\core\core_487b1ced4e7b37e8d402730d0433b7e0.a(adc_f1.c.o)
 .debug_aranges
                0x00000490       0xa8 C:\Users\TURBO9~1\AppData\Local\Temp\arduino_cache_432467\core\core_487b1ced4e7b37e8d402730d0433b7e0.a(dma_f1.c.o)
 .debug_aranges
                0x00000538       0x20 C:\Users\TURBO9~1\AppData\Local\Temp\arduino_cache_432467\core\core_487b1ced4e7b37e8d402730d0433b7e0.a(exc.S.o)
 .debug_aranges
                0x00000558       0x70 C:\Users\TURBO9~1\AppData\Local\Temp\arduino_cache_432467\core\core_487b1ced4e7b37e8d402730d0433b7e0.a(exti.c.o)
 .debug_aranges
                0x000005c8       0x20 C:\Users\TURBO9~1\AppData\Local\Temp\arduino_cache_432467\core\core_487b1ced4e7b37e8d402730d0433b7e0.a(exti_f1.c.o)
 .debug_aranges
                0x000005e8       0x20 C:\Users\TURBO9~1\AppData\Local\Temp\arduino_cache_432467\core\core_487b1ced4e7b37e8d402730d0433b7e0.a(flash.c.o)
 .debug_aranges
                0x00000608       0x40 C:\Users\TURBO9~1\AppData\Local\Temp\arduino_cache_432467\core\core_487b1ced4e7b37e8d402730d0433b7e0.a(gpio_f1.c.o)
 .debug_aranges
                0x00000648       0x50 C:\Users\TURBO9~1\AppData\Local\Temp\arduino_cache_432467\core\core_487b1ced4e7b37e8d402730d0433b7e0.a(i2c_f1.c.o)
 .debug_aranges
                0x00000698       0x38 C:\Users\TURBO9~1\AppData\Local\Temp\arduino_cache_432467\core\core_487b1ced4e7b37e8d402730d0433b7e0.a(nvic.c.o)
 .debug_aranges
                0x000006d0       0x48 C:\Users\TURBO9~1\AppData\Local\Temp\arduino_cache_432467\core\core_487b1ced4e7b37e8d402730d0433b7e0.a(rcc.c.o)
 .debug_aranges
                0x00000718       0x48 C:\Users\TURBO9~1\AppData\Local\Temp\arduino_cache_432467\core\core_487b1ced4e7b37e8d402730d0433b7e0.a(rcc_f1.c.o)
 .debug_aranges
                0x00000760       0x20 C:\Users\TURBO9~1\AppData\Local\Temp\arduino_cache_432467\core\core_487b1ced4e7b37e8d402730d0433b7e0.a(isrs.S.o)
 .debug_aranges
                0x00000780       0x40 C:\Users\TURBO9~1\AppData\Local\Temp\arduino_cache_432467\core\core_487b1ced4e7b37e8d402730d0433b7e0.a(systick.c.o)
 .debug_aranges
                0x000007c0       0xa8 C:\Users\TURBO9~1\AppData\Local\Temp\arduino_cache_432467\core\core_487b1ced4e7b37e8d402730d0433b7e0.a(timer.c.o)
 .debug_aranges
                0x00000868       0x48 C:\Users\TURBO9~1\AppData\Local\Temp\arduino_cache_432467\core\core_487b1ced4e7b37e8d402730d0433b7e0.a(usart.c.o)
 .debug_aranges
                0x000008b0       0x58 C:\Users\TURBO9~1\AppData\Local\Temp\arduino_cache_432467\core\core_487b1ced4e7b37e8d402730d0433b7e0.a(usart_f1.c.o)
 .debug_aranges
                0x00000908       0x20 C:\Users\TURBO9~1\AppData\Local\Temp\arduino_cache_432467\core\core_487b1ced4e7b37e8d402730d0433b7e0.a(usart_private.c.o)
 .debug_aranges
                0x00000928       0x38 C:\Users\TURBO9~1\AppData\Local\Temp\arduino_cache_432467\core\core_487b1ced4e7b37e8d402730d0433b7e0.a(usb.c.o)
 .debug_aranges
                0x00000960      0x128 C:\Users\TURBO9~1\AppData\Local\Temp\arduino_cache_432467\core\core_487b1ced4e7b37e8d402730d0433b7e0.a(usb_cdcacm.c.o)
 .debug_aranges
                0x00000a88       0x20 C:\Users\TURBO9~1\AppData\Local\Temp\arduino_cache_432467\core\core_487b1ced4e7b37e8d402730d0433b7e0.a(usb_reg_map.c.o)
 .debug_aranges
                0x00000aa8       0x98 C:\Users\TURBO9~1\AppData\Local\Temp\arduino_cache_432467\core\core_487b1ced4e7b37e8d402730d0433b7e0.a(usb_core.c.o)
 .debug_aranges
                0x00000b40       0x20 C:\Users\TURBO9~1\AppData\Local\Temp\arduino_cache_432467\core\core_487b1ced4e7b37e8d402730d0433b7e0.a(usb_init.c.o)
 .debug_aranges
                0x00000b60       0x28 C:\Users\TURBO9~1\AppData\Local\Temp\arduino_cache_432467\core\core_487b1ced4e7b37e8d402730d0433b7e0.a(usb_mem.c.o)
 .debug_aranges
                0x00000b88      0x1f0 C:\Users\TURBO9~1\AppData\Local\Temp\arduino_cache_432467\core\core_487b1ced4e7b37e8d402730d0433b7e0.a(usb_regs.c.o)
 .debug_aranges
                0x00000d78       0x50 C:\Users\TURBO9~1\AppData\Local\Temp\arduino_cache_432467\core\core_487b1ced4e7b37e8d402730d0433b7e0.a(util.c.o)
 .debug_aranges
                0x00000dc8       0x28 C:\Users\TURBO9~1\AppData\Local\Temp\arduino_cache_432467\core\core_487b1ced4e7b37e8d402730d0433b7e0.a(main.cpp.o)
 .debug_aranges
                0x00000df0       0xd0 C:\Users\TURBO9~1\AppData\Local\Temp\arduino_cache_432467\core\core_487b1ced4e7b37e8d402730d0433b7e0.a(usb_serial.cpp.o)
 .debug_aranges
                0x00000ec0       0x30 C:\Users\TURBO9~1\AppData\Local\Temp\arduino_cache_432467\core\core_487b1ced4e7b37e8d402730d0433b7e0.a(wirish_time.cpp.o)
 .debug_aranges
                0x00000ef0       0x20 C:\Users\TURBO9~1\AppData\Local\Temp\arduino_cache_432467\core\core_487b1ced4e7b37e8d402730d0433b7e0.a(hooks.c.o)
 .debug_aranges
                0x00000f10       0x40 C:\Users\TURBO9~1\AppData\Local\Temp\arduino_cache_432467\core\core_487b1ced4e7b37e8d402730d0433b7e0.a(bkp_f1.c.o)
 .debug_aranges
                0x00000f50       0x28 C:\Users\TURBO9~1\AppData\Local\Temp\arduino_cache_432467\core\core_487b1ced4e7b37e8d402730d0433b7e0.a(dma.c.o)
 .debug_aranges
                0x00000f78       0x20 C:\Users\TURBO9~1\AppData\Local\Temp\arduino_cache_432467\core\core_487b1ced4e7b37e8d402730d0433b7e0.a(gpio.c.o)
 .debug_aranges
                0x00000f98       0x60 C:\Users\TURBO9~1\AppData\Local\Temp\arduino_cache_432467\core\core_487b1ced4e7b37e8d402730d0433b7e0.a(i2c.c.o)

.debug_pubnames
 *(.debug_pubnames)

.debug_info     0x00000000    0x1ffc0
 *(.debug_info .gnu.linkonce.wi.*)
 .debug_info    0x00000000      0xfb2 C:\Users\TURBO9~1\AppData\Local\Temp\arduino_build_805463\sketch\blue_pill_keyboard.ino.cpp.o
 .debug_info    0x00000fb2      0xf2e C:\Users\TURBO9~1\AppData\Local\Temp\arduino_build_805463\core\board.cpp.o
 .debug_info    0x00001ee0     0x142d C:\Users\TURBO9~1\AppData\Local\Temp\arduino_build_805463\core\wirish\boards.cpp.o
 .debug_info    0x0000330d     0x10c5 C:\Users\TURBO9~1\AppData\Local\Temp\arduino_build_805463\core\wirish\boards_setup.cpp.o
 .debug_info    0x000043d2       0xb6 C:\Users\TURBO9~1\AppData\Local\Temp\arduino_build_805463\core\wirish\start.S.o
 .debug_info    0x00004488      0x176 C:\Users\TURBO9~1\AppData\Local\Temp\arduino_build_805463\core\wirish\start_c.c.o
 .debug_info    0x000045fe      0x5cd C:\Users\TURBO9~1\AppData\Local\Temp\arduino_build_805463\core\wirish\syscalls.c.o
 .debug_info    0x00004bcb     0x29ea C:\Users\TURBO9~1\AppData\Local\Temp\arduino_cache_432467\core\core_487b1ced4e7b37e8d402730d0433b7e0.a(HardwareSerial.cpp.o)
 .debug_info    0x000075b5     0x258c C:\Users\TURBO9~1\AppData\Local\Temp\arduino_cache_432467\core\core_487b1ced4e7b37e8d402730d0433b7e0.a(Print.cpp.o)
 .debug_info    0x00009b41       0x33 C:\Users\TURBO9~1\AppData\Local\Temp\arduino_cache_432467\core\core_487b1ced4e7b37e8d402730d0433b7e0.a(cxxabi-compat.cpp.o)
 .debug_info    0x00009b74      0xd1f C:\Users\TURBO9~1\AppData\Local\Temp\arduino_cache_432467\core\core_487b1ced4e7b37e8d402730d0433b7e0.a(ext_interrupts.cpp.o)
 .debug_info    0x0000a893      0x79a C:\Users\TURBO9~1\AppData\Local\Temp\arduino_cache_432467\core\core_487b1ced4e7b37e8d402730d0433b7e0.a(adc.c.o)
 .debug_info    0x0000b02d      0xe4a C:\Users\TURBO9~1\AppData\Local\Temp\arduino_cache_432467\core\core_487b1ced4e7b37e8d402730d0433b7e0.a(adc_f1.c.o)
 .debug_info    0x0000be77     0x19f2 C:\Users\TURBO9~1\AppData\Local\Temp\arduino_cache_432467\core\core_487b1ced4e7b37e8d402730d0433b7e0.a(dma_f1.c.o)
 .debug_info    0x0000d869       0xa6 C:\Users\TURBO9~1\AppData\Local\Temp\arduino_cache_432467\core\core_487b1ced4e7b37e8d402730d0433b7e0.a(exc.S.o)
 .debug_info    0x0000d90f      0xedd C:\Users\TURBO9~1\AppData\Local\Temp\arduino_cache_432467\core\core_487b1ced4e7b37e8d402730d0433b7e0.a(exti.c.o)
 .debug_info    0x0000e7ec      0x213 C:\Users\TURBO9~1\AppData\Local\Temp\arduino_cache_432467\core\core_487b1ced4e7b37e8d402730d0433b7e0.a(exti_f1.c.o)
 .debug_info    0x0000e9ff      0x128 C:\Users\TURBO9~1\AppData\Local\Temp\arduino_cache_432467\core\core_487b1ced4e7b37e8d402730d0433b7e0.a(flash.c.o)
 .debug_info    0x0000eb27      0x6d6 C:\Users\TURBO9~1\AppData\Local\Temp\arduino_cache_432467\core\core_487b1ced4e7b37e8d402730d0433b7e0.a(gpio_f1.c.o)
 .debug_info    0x0000f1fd      0xbd5 C:\Users\TURBO9~1\AppData\Local\Temp\arduino_cache_432467\core\core_487b1ced4e7b37e8d402730d0433b7e0.a(i2c_f1.c.o)
 .debug_info    0x0000fdd2      0x5a2 C:\Users\TURBO9~1\AppData\Local\Temp\arduino_cache_432467\core\core_487b1ced4e7b37e8d402730d0433b7e0.a(nvic.c.o)
 .debug_info    0x00010374      0x556 C:\Users\TURBO9~1\AppData\Local\Temp\arduino_cache_432467\core\core_487b1ced4e7b37e8d402730d0433b7e0.a(rcc.c.o)
 .debug_info    0x000108ca      0xb64 C:\Users\TURBO9~1\AppData\Local\Temp\arduino_cache_432467\core\core_487b1ced4e7b37e8d402730d0433b7e0.a(rcc_f1.c.o)
 .debug_info    0x0001142e       0xbb C:\Users\TURBO9~1\AppData\Local\Temp\arduino_cache_432467\core\core_487b1ced4e7b37e8d402730d0433b7e0.a(isrs.S.o)
 .debug_info    0x000114e9      0x182 C:\Users\TURBO9~1\AppData\Local\Temp\arduino_cache_432467\core\core_487b1ced4e7b37e8d402730d0433b7e0.a(systick.c.o)
 .debug_info    0x0001166b     0x1b6f C:\Users\TURBO9~1\AppData\Local\Temp\arduino_cache_432467\core\core_487b1ced4e7b37e8d402730d0433b7e0.a(timer.c.o)
 .debug_info    0x000131da      0xc32 C:\Users\TURBO9~1\AppData\Local\Temp\arduino_cache_432467\core\core_487b1ced4e7b37e8d402730d0433b7e0.a(usart.c.o)
 .debug_info    0x00013e0c      0xbc4 C:\Users\TURBO9~1\AppData\Local\Temp\arduino_cache_432467\core\core_487b1ced4e7b37e8d402730d0433b7e0.a(usart_f1.c.o)
 .debug_info    0x000149d0      0x595 C:\Users\TURBO9~1\AppData\Local\Temp\arduino_cache_432467\core\core_487b1ced4e7b37e8d402730d0433b7e0.a(usart_private.c.o)
 .debug_info    0x00014f65      0xd16 C:\Users\TURBO9~1\AppData\Local\Temp\arduino_cache_432467\core\core_487b1ced4e7b37e8d402730d0433b7e0.a(usb.c.o)
 .debug_info    0x00015c7b     0x22d2 C:\Users\TURBO9~1\AppData\Local\Temp\arduino_cache_432467\core\core_487b1ced4e7b37e8d402730d0433b7e0.a(usb_cdcacm.c.o)
 .debug_info    0x00017f4d      0x26c C:\Users\TURBO9~1\AppData\Local\Temp\arduino_cache_432467\core\core_487b1ced4e7b37e8d402730d0433b7e0.a(usb_reg_map.c.o)
 .debug_info    0x000181b9      0xddf C:\Users\TURBO9~1\AppData\Local\Temp\arduino_cache_432467\core\core_487b1ced4e7b37e8d402730d0433b7e0.a(usb_core.c.o)
 .debug_info    0x00018f98      0x3ed C:\Users\TURBO9~1\AppData\Local\Temp\arduino_cache_432467\core\core_487b1ced4e7b37e8d402730d0433b7e0.a(usb_init.c.o)
 .debug_info    0x00019385      0x17b C:\Users\TURBO9~1\AppData\Local\Temp\arduino_cache_432467\core\core_487b1ced4e7b37e8d402730d0433b7e0.a(usb_mem.c.o)
 .debug_info    0x00019500      0xc88 C:\Users\TURBO9~1\AppData\Local\Temp\arduino_cache_432467\core\core_487b1ced4e7b37e8d402730d0433b7e0.a(usb_regs.c.o)
 .debug_info    0x0001a188      0xad2 C:\Users\TURBO9~1\AppData\Local\Temp\arduino_cache_432467\core\core_487b1ced4e7b37e8d402730d0433b7e0.a(util.c.o)
 .debug_info    0x0001ac5a       0x99 C:\Users\TURBO9~1\AppData\Local\Temp\arduino_cache_432467\core\core_487b1ced4e7b37e8d402730d0433b7e0.a(main.cpp.o)
 .debug_info    0x0001acf3     0x2af6 C:\Users\TURBO9~1\AppData\Local\Temp\arduino_cache_432467\core\core_487b1ced4e7b37e8d402730d0433b7e0.a(usb_serial.cpp.o)
 .debug_info    0x0001d7e9      0x2c6 C:\Users\TURBO9~1\AppData\Local\Temp\arduino_cache_432467\core\core_487b1ced4e7b37e8d402730d0433b7e0.a(wirish_time.cpp.o)
 .debug_info    0x0001daaf       0x33 C:\Users\TURBO9~1\AppData\Local\Temp\arduino_cache_432467\core\core_487b1ced4e7b37e8d402730d0433b7e0.a(hooks.c.o)
 .debug_info    0x0001dae2      0x4ca C:\Users\TURBO9~1\AppData\Local\Temp\arduino_cache_432467\core\core_487b1ced4e7b37e8d402730d0433b7e0.a(bkp_f1.c.o)
 .debug_info    0x0001dfac      0x6f7 C:\Users\TURBO9~1\AppData\Local\Temp\arduino_cache_432467\core\core_487b1ced4e7b37e8d402730d0433b7e0.a(dma.c.o)
 .debug_info    0x0001e6a3      0x313 C:\Users\TURBO9~1\AppData\Local\Temp\arduino_cache_432467\core\core_487b1ced4e7b37e8d402730d0433b7e0.a(gpio.c.o)
 .debug_info    0x0001e9b6     0x160a C:\Users\TURBO9~1\AppData\Local\Temp\arduino_cache_432467\core\core_487b1ced4e7b37e8d402730d0433b7e0.a(i2c.c.o)

.debug_abbrev   0x00000000     0x605d
 *(.debug_abbrev)
 .debug_abbrev  0x00000000      0x2e2 C:\Users\TURBO9~1\AppData\Local\Temp\arduino_build_805463\sketch\blue_pill_keyboard.ino.cpp.o